Microchip MPLAB XC8 Compiler V1.34 ()

Linker command line:

--edf=C:\Program Files (x86)\Microchip\xc8\v1.34\dat\en_msgs.txt -cs \
  -h+dist/default/production\GeigerMullerCounter.X.production.sym \
  --cmf=dist/default/production\GeigerMullerCounter.X.production.cmf -z \
  -Q18F25K50 -oC:\Users\rgawron\AppData\Local\Temp\s2e4.6 \
  -Mdist/default/production/GeigerMullerCounter.X.production.map -E1 \
  -ver=XC8 -ASTACK=0125h-03ffh -pstack=STACK -ACODE=02000h-07FFFh \
  -ACONST=02000h-07FFFh -ASMALLCONST=02000h-020FFhx96 \
  -AMEDIUMCONST=02000h-07FFFh -ACOMRAM=01h-05Fh -AABS1=00h-07FFh \
  -ABIGRAM=01h-07FFh -ARAM=060h-0FFh,0100h-01FFhx7 -ABANK0=060h-0FFh \
  -ABANK1=0100h-01FFh -ABANK2=0200h-02FFh -ABANK3=0300h-03FFh \
  -ABANK4=0400h-04FFh -ABANK5=0500h-05FFh -ABANK6=0600h-06FFh \
  -ABANK7=0700h-07FFh -ASFR=0F53h-0F5Fh,0F60h-0FFFh \
  -preset_vec=02000h,intcode=02008h,intcodelo,powerup,init,end_init \
  -pramtop=0800h -psmallconst=SMALLCONST -pmediumconst=MEDIUMCONST \
  -pconst=CONST -AFARRAM=00h-00h -ACONFIG=0300000h-030000Dh -pconfig=CONFIG \
  -AIDLOC=0200000h-0200007h -pidloc=IDLOC -AEEDATA=0F00000h-0F000FFh \
  -peeprom_data=EEDATA \
  -prdata=COMRAM,nvrram=COMRAM,nvbit=COMRAM,rbss=COMRAM,rbit=COMRAM \
  -pfarbss=FARRAM,fardata=FARRAM,nvFARRAM=FARRAM \
  -pintsave_regs=BIGRAM,bigbss=BIGRAM,bigdata=BIGRAM -pbss=RAM \
  -pidata=CODE,irdata=CODE,ibigdata=CODE,ifardata=CODE -prparam=COMRAM \
  C:\Users\rgawron\AppData\Local\Temp\s2e4.obj \
  dist/default/production\GeigerMullerCounter.X.production.obj 

Object code version is 3.11

Machine type is 18F25K50

Call graph: (short form)




                Name                               Link     Load   Length Selector   Space Scale
C:\Users\rgawron\AppData\Local\Temp\s2e4.obj
                end_init                           208C     208C        4     1004       0
                reset_vec                          2000     2000        4     1000       0
                idloc                            200000   200000        8   200000       0
                config                           300000   300000        E   300000       0
dist/default/production\GeigerMullerCounter.X.production.obj
                intcode                            2008     2008       84     1004       0
                mediumconst                        2090     2090      29C     1048       0
                text68                             46B0     46B0       38     1196       0
                text67                             4A48     4A48        2     251C       0
                text66                             4A46     4A46        2     251C       0
                text65                             4A44     4A44        2     251C       0
                text64                             4A42     4A42        2     251C       0
                text63                             4A40     4A40        2     251C       0
                text62                             4A3E     4A3E        2     251C       0
                text61                             4A3C     4A3C        2     251C       0
                text60                             44D8     44D8       58     1196       0
                text59                             494C     494C       1E     1196       0
                text58                             492A     492A       22     1196       0
                text57                             466A     466A       46     1196       0
                text56                             4480     4480       58     1196       0
                text55                             4868     4868       2A     1196       0
                text54                             3E12     3E12       F6     1196       0
                text53                             4982     4982       16     24C1       0
                text52                             49C8     49C8       10     24C1       0
                text51                             3F08     3F08       F2     1196       0
                text50                             4A2C     4A2C        6     24C1       0
                text49                             4A26     4A26        6     24C1       0
                text48                             4A20     4A20        6     24C1       0
                text47                             4A1A     4A1A        6     24C1       0
                text46                             4A14     4A14        6     24C1       0
                text45                             4A0E     4A0E        6     24C1       0
                text44                             40D6     40D6       D6     1196       0
                text43                             47E6     47E6       2E     1196       0
                text42                             4904     4904       26     1196       0
                text41                             299E     299E      534     1196       0
                text40                             49B8     49B8       10     24C1       0
                text39                             49A8     49A8       10     24C1       0
                text38                             4A3A     4A3A        2     251C       0
                text37                             49D8     49D8        C     24C1       0
                text36                             4A08     4A08        6     24C1       0
                text35                             4A38     4A38        2     251C       0
                text34                             4A02     4A02        6     24C1       0
                text33                             49FC     49FC        6     24C1       0
                text32                             42C8     42C8       7E     1196       0
                text31                             4754     4754       36     1196       0
                text30                             3FFA     3FFA       DC     1196       0
                text29                             232C     232C      672     1196       0
                text28                             41AC     41AC       9A     1196       0
                text27                             4998     4998       10     24C1       0
                text26                             47B8     47B8       2E     1196       0
                text25                             3674     3674      288     1196       0
                text24                             3A9E     3A9E      17E     1196       0
                text22                             49E4     49E4        A     24C1       0
                text21                             441E     441E       62     1196       0
                text20                             471E     471E       36     1196       0
                text19                             45D6     45D6       4E     1196       0
                text18                             483E     483E       2A     1196       0
                text17                             4586     4586       50     1196       0
                text16                             48DE     48DE       26     1196       0
                text15                             3C1C     3C1C       FC     1196       0
                text14                             4530     4530       56     1196       0
                text13                             49EE     49EE        8     24C1       0
                text12                             4246     4246       82     1196       0
                text11                             43B2     43B2       6C     1196       0
                text10                             38FC     38FC      1A2     1196       0
                text9                              478A     478A       2E     1196       0
                text8                              3D18     3D18       FA     1196       0
                text7                              49F6     49F6        6     24C1       0
                text6                              4624     4624       46     1196       0
                text5                              46E8     46E8       36     1196       0
                text4                              4814     4814       2A     1196       0
                text3                              337A     337A      2FA     1196       0
                text2                              48B8     48B8       26     1196       0
                text1                              4892     4892       26     1196       0
                text0                              2ED2     2ED2      4A8     1196       0
                cstackCOMRAM                          1        1       5A        1       1
                cstackBANK0                          60       60       90       60       1
                dataBANK1                           100      100       17      100       1
                bssBANK1                            117      117        E      100       1
                dataBANK0                            FB       FB        5       60       1
                bssBANK0                             F0       F0        B       60       1
                bssCOMRAM                            5B       5B        5        1       1
                cinit                              4346     4346       6C     1196       0
                idataBANK1                         496A     496A       17     1196       0
                idataBANK0                         4A32     4A32        5     24C1       0

TOTAL           Name                               Link     Load   Length     Space
        CLASS   STACK          

        CLASS   CODE           
                end_init                           208C     208C        4         0
                intcode                            2008     2008       84         0
                reset_vec                          2000     2000        4         0
                text68                             46B0     46B0       38         0
                text67                             4A48     4A48        2         0
                text66                             4A46     4A46        2         0
                text65                             4A44     4A44        2         0
                text64                             4A42     4A42        2         0
                text63                             4A40     4A40        2         0
                text62                             4A3E     4A3E        2         0
                text61                             4A3C     4A3C        2         0
                text60                             44D8     44D8       58         0
                text59                             494C     494C       1E         0
                text58                             492A     492A       22         0
                text57                             466A     466A       46         0
                text56                             4480     4480       58         0
                text55                             4868     4868       2A         0
                text54                             3E12     3E12       F6         0
                text53                             4982     4982       16         0
                text52                             49C8     49C8       10         0
                text51                             3F08     3F08       F2         0
                text50                             4A2C     4A2C        6         0
                text49                             4A26     4A26        6         0
                text48                             4A20     4A20        6         0
                text47                             4A1A     4A1A        6         0
                text46                             4A14     4A14        6         0
                text45                             4A0E     4A0E        6         0
                text44                             40D6     40D6       D6         0
                text43                             47E6     47E6       2E         0
                text42                             4904     4904       26         0
                text41                             299E     299E      534         0
                text40                             49B8     49B8       10         0
                text39                             49A8     49A8       10         0
                text38                             4A3A     4A3A        2         0
                text37                             49D8     49D8        C         0
                text36                             4A08     4A08        6         0
                text35                             4A38     4A38        2         0
                text34                             4A02     4A02        6         0
                text33                             49FC     49FC        6         0
                text32                             42C8     42C8       7E         0
                text31                             4754     4754       36         0
                text30                             3FFA     3FFA       DC         0
                text29                             232C     232C      672         0
                text28                             41AC     41AC       9A         0
                text27                             4998     4998       10         0
                text26                             47B8     47B8       2E         0
                text25                             3674     3674      288         0
                text24                             3A9E     3A9E      17E         0
                text22                             49E4     49E4        A         0
                text21                             441E     441E       62         0
                text20                             471E     471E       36         0
                text19                             45D6     45D6       4E         0
                text18                             483E     483E       2A         0
                text17                             4586     4586       50         0
                text16                             48DE     48DE       26         0
                text15                             3C1C     3C1C       FC         0
                text14                             4530     4530       56         0
                text13                             49EE     49EE        8         0
                text12                             4246     4246       82         0
                text11                             43B2     43B2       6C         0
                text10                             38FC     38FC      1A2         0
                text9                              478A     478A       2E         0
                text8                              3D18     3D18       FA         0
                text7                              49F6     49F6        6         0
                text6                              4624     4624       46         0
                text5                              46E8     46E8       36         0
                text4                              4814     4814       2A         0
                text3                              337A     337A      2FA         0
                text2                              48B8     48B8       26         0
                text1                              4892     4892       26         0
                text0                              2ED2     2ED2      4A8         0
                cinit                              4346     4346       6C         0
                idataBANK1                         496A     496A       17         0
                idataBANK0                         4A32     4A32        5         0

        CLASS   CONST          

        CLASS   SMALLCONST     

        CLASS   MEDIUMCONST    
                mediumconst                        2090     2090      29C         0

        CLASS   COMRAM         
                cstackCOMRAM                          1        1       5A         1
                bssCOMRAM                            5B       5B        5         1

        CLASS   ABS1           
                abs_s1                              400      400       18         1
                abs_s1                              500      500       9B         1

        CLASS   BIGRAM         

        CLASS   RAM            

        CLASS   BANK0          
                cstackBANK0                          60       60       90         1
                dataBANK0                            FB       FB        5         1
                bssBANK0                             F0       F0        B         1

        CLASS   BANK1          
                dataBANK1                           100      100       17         1
                bssBANK1                            117      117        E         1

        CLASS   BANK2          

        CLASS   BANK3          

        CLASS   BANK4          

        CLASS   BANK5          

        CLASS   BANK6          

        CLASS   BANK7          

        CLASS   SFR            

        CLASS   FARRAM         

        CLASS   CONFIG         
                config                           300000   300000        E         0

        CLASS   IDLOC          
                idloc                            200000   200000        8         0

        CLASS   EEDATA         



SEGMENTS        Name                           Load    Length   Top    Selector   Space  Class

                cstackCOMRAM                   000001  00005F  000060         1       1  COMRAM  
                cstackBANK0                    000060  0000A0  000100        60       1  BANK0   
                dataBANK1                      000100  000025  000125       100       1  BANK1   
                reset_vec                      002000  000004  002004      1000       0  CODE    
                intcode                        002008  000088  002090      1004       0  CODE    
                mediumconst                    002090  00029C  00232C      1048       0  MEDIUMCO
                text29                         00232C  002655  004981      1196       0  CODE    
                text53                         004982  0000B5  004A37      24C1       0  CODE    
                text35                         004A38  000012  004A4A      251C       0  CODE    
                idloc                          200000  000008  200008    200000       0  IDLOC   
                config                         300000  00000E  30000E    300000       0  CONFIG  


UNUSED ADDRESS RANGES

        Name                Unused          Largest block    Delta
        BANK1            000125-0001FF               DB
        BANK2            000200-0002FF              100
        BANK3            000300-0003FF              100
        BANK4            000418-0004FF               E8
        BANK5            00059B-0005FF               65
        BANK6            000600-0006FF              100
        BANK7            000700-0007FF              100
        BIGRAM           000125-0003FF              2DB
                         000418-0004FF               E8
                         00059B-0007FF              265
        CODE             002004-002007                4
                         004981-004981                1
                         004A37-004A37                1
                         004A4A-007FFF             35B6
        CONST            002004-002007                4
                         004981-004981                1
                         004A37-004A37                1
                         004A4A-007FFF             35B6
        EEDATA           F00000-F000FF              100
        FARRAM           000000-000000                1
        MEDIUMCONST      002004-002007                4
                         004981-004981                1
                         004A37-004A37                1
                         004A4A-007FFF             35B6
        RAM              000125-0003FF              100
                         000418-0004FF               E8
                         00059B-0007FF              100
        SFR              000F53-000FFF                D
        SMALLCONST       002004-002007                4
                         004981-004981                1
                         004A37-004A37                1
                         004A4A-007FFF              100
        STACK            000125-0003FF              2DB

                                  Symbol Table

?___lwdiv                                                 cstackBANK0  000060
?___lwmod                                                 cstackBANK0  000067
?_app_get_device_status_callback                          cstackCOMRAM 000001
?_app_get_encapsulated_response                           cstackCOMRAM 000001
?_app_unknown_get_descriptor_callback                     cstackCOMRAM 000001
?_measure_data                                            cstackBANK0  000060
?_sprintf                                                 cstackBANK0  00006C
?_strlen                                                  cstackBANK0  000060
?_usb_application_get_string                              cstackCOMRAM 000001
?_usb_get_in_buffer                                       cstackBANK0  000060
_ANSELBbits                                               (abs)        000F5C
_INTCONbits                                               (abs)        000FF2
_PIE1bits                                                 (abs)        000F9D
_PIR1bits                                                 (abs)        000F9E
_PORTBbits                                                (abs)        000F81
_T1CON                                                    (abs)        000FCD
_T1CONbits                                                (abs)        000FCD
_TMR1H                                                    (abs)        000FCF
_TMR1L                                                    (abs)        000FCE
_TRISBbits                                                (abs)        000F93
_UADDR                                                    (abs)        000F63
_UCFGbits                                                 (abs)        000F62
_UCONbits                                                 (abs)        000F60
_UEIE                                                     (abs)        000F66
_UEP0                                                     (abs)        000F6A
_UIE                                                      (abs)        000F64
_UIEbits                                                  (abs)        000F64
_UIR                                                      (abs)        000F65
_UIRbits                                                  (abs)        000F65
_USBIE                                                    (abs)        007D1A
_USBIF                                                    (abs)        007D22
_USTATbits                                                (abs)        000F61
__CFG_CFGPLLEN$ON                                         (abs)        000000
__CFG_CPUDIV$NOCLKDIV                                     (abs)        000000
__CFG_FOSC$HSH                                            (abs)        000000
__CFG_LS48MHZ$SYS48X8                                     (abs)        000000
__CFG_PLLSEL$PLL3X                                        (abs)        000000
__CFG_STVREN$ON                                           (abs)        000000
__CFG_WDTEN$OFF                                           (abs)        000000
__CFG_XINST$OFF                                           (abs)        000000
__CFG_nPWRTEN$ON                                          (abs)        000000
__HRAM                                                    (abs)        000000
__Habs1                                                   abs1         000000
__Hbank0                                                  bank0        000000
__Hbank1                                                  bank1        000000
__Hbank2                                                  bank2        000000
__Hbank3                                                  bank3        000000
__Hbank4                                                  bank4        000000
__Hbank5                                                  bank5        000000
__Hbank6                                                  bank6        000000
__Hbank7                                                  bank7        000000
__Hbigbss                                                 bigbss       000000
__Hbigdata                                                bigdata      000000
__Hbigram                                                 bigram       000000
__Hbss                                                    bss          000000
__HbssBANK0                                               bssBANK0     000000
__HbssBANK1                                               bssBANK1     000000
__HbssCOMRAM                                              bssCOMRAM    000000
__Hcinit                                                  cinit        000000
__Hclrtext                                                clrtext      000000
__Hcomram                                                 comram       000000
__Hconfig                                                 config       30000E
__Hconst                                                  const        000000
__HcstackBANK0                                            cstackBANK0  000000
__HcstackCOMRAM                                           cstackCOMRAM 000000
__Hdata                                                   data         000000
__HdataBANK0                                              dataBANK0    000000
__HdataBANK1                                              dataBANK1    000000
__Heeprom_data                                            eeprom_data  000000
__Hend_init                                               end_init     002090
__Hfarbss                                                 farbss       000000
__Hfardata                                                fardata      000000
__Hibigdata                                               ibigdata     000000
__Hidata                                                  idata        000000
__HidataBANK0                                             idataBANK0   000000
__HidataBANK1                                             idataBANK1   000000
__Hidloc                                                  idloc        200008
__Hifardata                                               ifardata     000000
__Hinit                                                   init         00208C
__Hintcode                                                intcode      00208C
__Hintcode_body                                           intcode_body 000000
__Hintcodelo                                              intcodelo    00208C
__Hintentry                                               intentry     000000
__Hintret                                                 intret       000000
__Hintsave_regs                                           intsave_regs 000000
__Hirdata                                                 irdata       000000
__Hmediumconst                                            mediumconst  00232C
__HnvFARRAM                                               nvFARRAM     000000
__Hnvbit                                                  nvbit        000000
__Hnvrram                                                 nvrram       000000
__Hparam                                                  rparam       000000
__Hpowerup                                                powerup      00208C
__Hram                                                    ram          000000
__Hramtop                                                 ramtop       000800
__Hrbit                                                   rbit         000000
__Hrbss                                                   rbss         000000
__Hrdata                                                  rdata        000000
__Hreset_vec                                              reset_vec    002004
__Hrparam                                                 rparam       000000
__Hsfr                                                    sfr          000000
__Hsmallconst                                             smallconst   000000
__Hspace_0                                                (abs)        30000E
__Hspace_1                                                (abs)        000125
__Hspace_2                                                (abs)        000000
__Hstack                                                  stack        000000
__Hstruct                                                 struct       000000
__Htemp                                                   temp         000000
__Htext                                                   text         000000
__Htext0                                                  text0        000000
__Htext1                                                  text1        000000
__Htext10                                                 text10       000000
__Htext11                                                 text11       000000
__Htext12                                                 text12       000000
__Htext13                                                 text13       000000
__Htext14                                                 text14       000000
__Htext15                                                 text15       000000
__Htext16                                                 text16       000000
__Htext17                                                 text17       000000
__Htext18                                                 text18       000000
__Htext19                                                 text19       000000
__Htext2                                                  text2        000000
__Htext20                                                 text20       000000
__Htext21                                                 text21       000000
__Htext22                                                 text22       000000
__Htext24                                                 text24       000000
__Htext25                                                 text25       000000
__Htext26                                                 text26       000000
__Htext27                                                 text27       000000
__Htext28                                                 text28       000000
__Htext29                                                 text29       000000
__Htext3                                                  text3        000000
__Htext30                                                 text30       000000
__Htext31                                                 text31       000000
__Htext32                                                 text32       000000
__Htext33                                                 text33       000000
__Htext34                                                 text34       000000
__Htext35                                                 text35       000000
__Htext36                                                 text36       000000
__Htext37                                                 text37       000000
__Htext38                                                 text38       000000
__Htext39                                                 text39       000000
__Htext4                                                  text4        000000
__Htext40                                                 text40       000000
__Htext41                                                 text41       000000
__Htext42                                                 text42       000000
__Htext43                                                 text43       000000
__Htext44                                                 text44       000000
__Htext45                                                 text45       000000
__Htext46                                                 text46       000000
__Htext47                                                 text47       000000
__Htext48                                                 text48       000000
__Htext49                                                 text49       000000
__Htext5                                                  text5        000000
__Htext50                                                 text50       000000
__Htext51                                                 text51       000000
__Htext52                                                 text52       000000
__Htext53                                                 text53       000000
__Htext54                                                 text54       000000
__Htext55                                                 text55       000000
__Htext56                                                 text56       000000
__Htext57                                                 text57       000000
__Htext58                                                 text58       000000
__Htext59                                                 text59       000000
__Htext6                                                  text6        000000
__Htext60                                                 text60       000000
__Htext61                                                 text61       000000
__Htext62                                                 text62       000000
__Htext63                                                 text63       000000
__Htext64                                                 text64       000000
__Htext65                                                 text65       000000
__Htext66                                                 text66       000000
__Htext67                                                 text67       000000
__Htext68                                                 text68       000000
__Htext69                                                 text69       000000
__Htext7                                                  text7        000000
__Htext8                                                  text8        000000
__Htext9                                                  text9        000000
__LRAM                                                    (abs)        000001
__Labs1                                                   abs1         000000
__Lbank0                                                  bank0        000000
__Lbank1                                                  bank1        000000
__Lbank2                                                  bank2        000000
__Lbank3                                                  bank3        000000
__Lbank4                                                  bank4        000000
__Lbank5                                                  bank5        000000
__Lbank6                                                  bank6        000000
__Lbank7                                                  bank7        000000
__Lbigbss                                                 bigbss       000000
__Lbigdata                                                bigdata      000000
__Lbigram                                                 bigram       000000
__Lbss                                                    bss          000000
__LbssBANK0                                               bssBANK0     000000
__LbssBANK1                                               bssBANK1     000000
__LbssCOMRAM                                              bssCOMRAM    000000
__Lcinit                                                  cinit        000000
__Lclrtext                                                clrtext      000000
__Lcomram                                                 comram       000000
__Lconfig                                                 config       300000
__Lconst                                                  const        000000
__LcstackBANK0                                            cstackBANK0  000000
__LcstackCOMRAM                                           cstackCOMRAM 000000
__Ldata                                                   data         000000
__LdataBANK0                                              dataBANK0    000000
__LdataBANK1                                              dataBANK1    000000
__Leeprom_data                                            eeprom_data  000000
__Lend_init                                               end_init     00208C
__Lfarbss                                                 farbss       000000
__Lfardata                                                fardata      000000
__Libigdata                                               ibigdata     000000
__Lidata                                                  idata        000000
__LidataBANK0                                             idataBANK0   000000
__LidataBANK1                                             idataBANK1   000000
__Lidloc                                                  idloc        200000
__Lifardata                                               ifardata     000000
__Linit                                                   init         00208C
__Lintcode                                                intcode      002008
__Lintcode_body                                           intcode_body 000000
__Lintcodelo                                              intcodelo    00208C
__Lintentry                                               intentry     000000
__Lintret                                                 intret       000000
__Lintsave_regs                                           intsave_regs 000000
__Lirdata                                                 irdata       000000
__Lmediumconst                                            mediumconst  002090
__LnvFARRAM                                               nvFARRAM     000000
__Lnvbit                                                  nvbit        000000
__Lnvrram                                                 nvrram       000000
__Lparam                                                  rparam       000000
__Lpowerup                                                powerup      00208C
__Lram                                                    ram          000000
__Lramtop                                                 ramtop       000800
__Lrbit                                                   rbit         000000
__Lrbss                                                   rbss         000000
__Lrdata                                                  rdata        000000
__Lreset_vec                                              reset_vec    002000
__Lrparam                                                 rparam       000000
__Lsfr                                                    sfr          000000
__Lsmallconst                                             smallconst   000000
__Lspace_0                                                (abs)        000000
__Lspace_1                                                (abs)        000000
__Lspace_2                                                (abs)        000000
__Lstack                                                  stack        000000
__Lstruct                                                 struct       000000
__Ltemp                                                   temp         000000
__Ltext                                                   text         000000
__Ltext0                                                  text0        000000
__Ltext1                                                  text1        000000
__Ltext10                                                 text10       000000
__Ltext11                                                 text11       000000
__Ltext12                                                 text12       000000
__Ltext13                                                 text13       000000
__Ltext14                                                 text14       000000
__Ltext15                                                 text15       000000
__Ltext16                                                 text16       000000
__Ltext17                                                 text17       000000
__Ltext18                                                 text18       000000
__Ltext19                                                 text19       000000
__Ltext2                                                  text2        000000
__Ltext20                                                 text20       000000
__Ltext21                                                 text21       000000
__Ltext22                                                 text22       000000
__Ltext24                                                 text24       000000
__Ltext25                                                 text25       000000
__Ltext26                                                 text26       000000
__Ltext27                                                 text27       000000
__Ltext28                                                 text28       000000
__Ltext29                                                 text29       000000
__Ltext3                                                  text3        000000
__Ltext30                                                 text30       000000
__Ltext31                                                 text31       000000
__Ltext32                                                 text32       000000
__Ltext33                                                 text33       000000
__Ltext34                                                 text34       000000
__Ltext35                                                 text35       000000
__Ltext36                                                 text36       000000
__Ltext37                                                 text37       000000
__Ltext38                                                 text38       000000
__Ltext39                                                 text39       000000
__Ltext4                                                  text4        000000
__Ltext40                                                 text40       000000
__Ltext41                                                 text41       000000
__Ltext42                                                 text42       000000
__Ltext43                                                 text43       000000
__Ltext44                                                 text44       000000
__Ltext45                                                 text45       000000
__Ltext46                                                 text46       000000
__Ltext47                                                 text47       000000
__Ltext48                                                 text48       000000
__Ltext49                                                 text49       000000
__Ltext5                                                  text5        000000
__Ltext50                                                 text50       000000
__Ltext51                                                 text51       000000
__Ltext52                                                 text52       000000
__Ltext53                                                 text53       000000
__Ltext54                                                 text54       000000
__Ltext55                                                 text55       000000
__Ltext56                                                 text56       000000
__Ltext57                                                 text57       000000
__Ltext58                                                 text58       000000
__Ltext59                                                 text59       000000
__Ltext6                                                  text6        000000
__Ltext60                                                 text60       000000
__Ltext61                                                 text61       000000
__Ltext62                                                 text62       000000
__Ltext63                                                 text63       000000
__Ltext64                                                 text64       000000
__Ltext65                                                 text65       000000
__Ltext66                                                 text66       000000
__Ltext67                                                 text67       000000
__Ltext68                                                 text68       000000
__Ltext69                                                 text69       000000
__Ltext7                                                  text7        000000
__Ltext8                                                  text8        000000
__Ltext9                                                  text9        000000
__S0                                                      (abs)        30000E
__S1                                                      (abs)        000125
__S2                                                      (abs)        000000
___inthi_sp                                               stack        000000
___intlo_sp                                               stack        000000
___lwdiv                                                  text12       004246
___lwdiv@counter                                          cstackBANK0  000066
___lwdiv@dividend                                         cstackBANK0  000060
___lwdiv@divisor                                          cstackBANK0  000062
___lwdiv@quotient                                         cstackBANK0  000064
___lwmod                                                  text11       0043B2
___lwmod@counter                                          cstackBANK0  00006B
___lwmod@dividend                                         cstackBANK0  000067
___lwmod@divisor                                          cstackBANK0  000069
___param_bank                                             (abs)        000010
___rparam_used                                            (abs)        000001
___sp                                                     stack        000000
__accesstop                                               (abs)        000060
__activetblptr                                            (abs)        000002
__end_of___lwdiv                                          text12       0042C8
__end_of___lwmod                                          text11       00441E
__end_of__initialization                                  cinit        0043A8
__end_of_app_clear_comm_feature_callback                  text62       004A40
__end_of_app_endpoint_halt_callback                       text38       004A3C
__end_of_app_get_comm_feature_callback                    text50       004A32
__end_of_app_get_device_status_callback                   text37       0049E4
__end_of_app_get_encapsulated_response                    text49       004A2C
__end_of_app_get_interface_callback                       text36       004A0E
__end_of_app_get_line_coding_callback                     text48       004A26
__end_of_app_in_transaction_complete_callback             text67       004A4A
__end_of_app_out_transaction_callback                     text66       004A48
__end_of_app_send_break_callback                          text47       004A20
__end_of_app_send_encapsulated_command                    text46       004A1A
__end_of_app_set_comm_feature_callback                    text61       004A3E
__end_of_app_set_configuration_callback                   text35       004A3A
__end_of_app_set_control_line_state_callback              text45       004A14
__end_of_app_set_interface_callback                       text34       004A08
__end_of_app_set_line_coding_callback                     text63       004A42
__end_of_app_start_of_frame_callback                      text65       004A46
__end_of_app_unknown_get_descriptor_callback              text33       004A02
__end_of_app_unknown_setup_request_callback               text40       0049C8
__end_of_app_usb_reset_callback                           text64       004A44
__end_of_cdc_data_string                                  mediumconst  002213
__end_of_cdc_interface_string                             mediumconst  00222F
__end_of_clear_ep0_stall                                  text39       0049B8
__end_of_configuration_1                                  mediumconst  0021BD
__end_of_dpowers                                          mediumconst  0020FF
__end_of_fake_serial_num                                  mediumconst  002177
__end_of_handle_ep0_in                                    text54       003F08
__end_of_handle_ep0_out                                   text51       003FFA
__end_of_handle_ep0_setup                                 text28       004246
__end_of_handle_standard_control_request                  text29       00299E
__end_of_isr                                              intcode      00208C
__end_of_main                                             text0        00337A
__end_of_measure_data                                     text22       0049EE
__end_of_memcpy                                           text21       004480
__end_of_memset                                           text5        00471E
__end_of_process_cdc_setup_request                        text41       002ED2
__end_of_product_string                                   mediumconst  002249
__end_of_reset_bd0_out                                    text27       0049A8
__end_of_reset_ep0_data_stage                             text4        00483E
__end_of_send_string_sync                                 text14       004586
__end_of_send_zero_length_packet_ep0                      text53       004998
__end_of_sensor_init                                      text13       0049F6
__end_of_set_line_coding                                  text59       00496A
__end_of_set_or_clear_comm_feature_callback               text60       004530
__end_of_sprintf                                          text10       003A9E
__end_of_stall_ep0                                        text52       0049D8
__end_of_stall_ep_in                                      text32       004346
__end_of_stall_ep_out                                     text31       00478A
__end_of_start_control_return                             text44       0041AC
__end_of_str00                                            mediumconst  00225F
__end_of_strcpy                                           text20       004754
__end_of_strlen                                           text19       004624
__end_of_this_device_descriptor                           mediumconst  00225B
__end_of_timer_interrupt                                  text68       0046E8
__end_of_timers_init                                      text9        0047B8
__end_of_usb_application_get_string                       text30       0040D6
__end_of_usb_arm_out_endpoint                             text8        003E12
__end_of_usb_get_configuration                            text7        0049FC
__end_of_usb_get_in_buffer                                text18       004868
__end_of_usb_get_out_buffer                               text6        00466A
__end_of_usb_in_endpoint_busy                             text17       0045D6
__end_of_usb_in_endpoint_halted                           text16       004904
__end_of_usb_init                                         text3        003674
__end_of_usb_out_endpoint_halted                          text2        0048DE
__end_of_usb_out_endpoint_has_data                        text1        0048B8
__end_of_usb_send_data_stage                              text43       004814
__end_of_usb_send_in_buffer                               text15       003D18
__end_of_usb_send_in_buffer_0                             text57       0046B0
__end_of_usb_service                                      text24       003C1C
__end_of_usb_start_receive_ep0_data_stage                 text42       00492A
__end_of_vendor_string                                    mediumconst  0021ED
__end_ofi2_memcpy                                         text56       0044D8
__end_ofi2_memset                                         text26       0047E6
__end_ofi2_reset_ep0_data_stage                           text55       004892
__end_ofi2_usb_in_endpoint_halted                         text58       00494C
__end_ofi2_usb_init                                       text25       0038FC
__end_ofmain@F7738                                        mediumconst  0020F5
__initialization                                          cinit        004346
__mediumconst                                             mediumconst  002090
__pbssBANK0                                               bssBANK0     0000F0
__pbssBANK1                                               bssBANK1     000117
__pbssCOMRAM                                              bssCOMRAM    00005B
__pcinit                                                  cinit        004346
__pcstackBANK0                                            cstackBANK0  000060
__pcstackCOMRAM                                           cstackCOMRAM 000001
__pdataBANK0                                              dataBANK0    0000FB
__pdataBANK1                                              dataBANK1    000100
__pidataBANK0                                             idataBANK0   004A32
__pidataBANK1                                             idataBANK1   00496A
__pintcode                                                intcode      002008
__pmediumconst                                            mediumconst  002090
__ptext0                                                  text0        002ED2
__ptext1                                                  text1        004892
__ptext10                                                 text10       0038FC
__ptext11                                                 text11       0043B2
__ptext12                                                 text12       004246
__ptext13                                                 text13       0049EE
__ptext14                                                 text14       004530
__ptext15                                                 text15       003C1C
__ptext16                                                 text16       0048DE
__ptext17                                                 text17       004586
__ptext18                                                 text18       00483E
__ptext19                                                 text19       0045D6
__ptext2                                                  text2        0048B8
__ptext20                                                 text20       00471E
__ptext21                                                 text21       00441E
__ptext22                                                 text22       0049E4
__ptext24                                                 text24       003A9E
__ptext25                                                 text25       003674
__ptext26                                                 text26       0047B8
__ptext27                                                 text27       004998
__ptext28                                                 text28       0041AC
__ptext29                                                 text29       00232C
__ptext3                                                  text3        00337A
__ptext30                                                 text30       003FFA
__ptext31                                                 text31       004754
__ptext32                                                 text32       0042C8
__ptext33                                                 text33       0049FC
__ptext34                                                 text34       004A02
__ptext35                                                 text35       004A38
__ptext36                                                 text36       004A08
__ptext37                                                 text37       0049D8
__ptext38                                                 text38       004A3A
__ptext39                                                 text39       0049A8
__ptext4                                                  text4        004814
__ptext40                                                 text40       0049B8
__ptext41                                                 text41       00299E
__ptext42                                                 text42       004904
__ptext43                                                 text43       0047E6
__ptext44                                                 text44       0040D6
__ptext45                                                 text45       004A0E
__ptext46                                                 text46       004A14
__ptext47                                                 text47       004A1A
__ptext48                                                 text48       004A20
__ptext49                                                 text49       004A26
__ptext5                                                  text5        0046E8
__ptext50                                                 text50       004A2C
__ptext51                                                 text51       003F08
__ptext52                                                 text52       0049C8
__ptext53                                                 text53       004982
__ptext54                                                 text54       003E12
__ptext55                                                 text55       004868
__ptext56                                                 text56       004480
__ptext57                                                 text57       00466A
__ptext58                                                 text58       00492A
__ptext59                                                 text59       00494C
__ptext6                                                  text6        004624
__ptext60                                                 text60       0044D8
__ptext61                                                 text61       004A3C
__ptext62                                                 text62       004A3E
__ptext63                                                 text63       004A40
__ptext64                                                 text64       004A42
__ptext65                                                 text65       004A44
__ptext66                                                 text66       004A46
__ptext67                                                 text67       004A48
__ptext68                                                 text68       0046B0
__ptext69                                                 text69       000000
__ptext7                                                  text7        0049F6
__ptext8                                                  text8        003D18
__ptext9                                                  text9        00478A
__ramtop                                                  ramtop       000800
__size_of___lwdiv                                         (abs)        000000
__size_of___lwmod                                         (abs)        000000
__size_of_app_clear_comm_feature_callback                 (abs)        000000
__size_of_app_endpoint_halt_callback                      (abs)        000000
__size_of_app_get_comm_feature_callback                   (abs)        000000
__size_of_app_get_device_status_callback                  (abs)        000000
__size_of_app_get_encapsulated_response                   (abs)        000000
__size_of_app_get_interface_callback                      (abs)        000000
__size_of_app_get_line_coding_callback                    (abs)        000000
__size_of_app_in_transaction_complete_callback            (abs)        000000
__size_of_app_out_transaction_callback                    (abs)        000000
__size_of_app_send_break_callback                         (abs)        000000
__size_of_app_send_encapsulated_command                   (abs)        000000
__size_of_app_set_comm_feature_callback                   (abs)        000000
__size_of_app_set_configuration_callback                  (abs)        000000
__size_of_app_set_control_line_state_callback             (abs)        000000
__size_of_app_set_interface_callback                      (abs)        000000
__size_of_app_set_line_coding_callback                    (abs)        000000
__size_of_app_start_of_frame_callback                     (abs)        000000
__size_of_app_unknown_get_descriptor_callback             (abs)        000000
__size_of_app_unknown_setup_request_callback              (abs)        000000
__size_of_app_usb_reset_callback                          (abs)        000000
__size_of_clear_ep0_stall                                 (abs)        000000
__size_of_handle_ep0_in                                   (abs)        000000
__size_of_handle_ep0_out                                  (abs)        000000
__size_of_handle_ep0_setup                                (abs)        000000
__size_of_handle_standard_control_request                 (abs)        000000
__size_of_isr                                             (abs)        000000
__size_of_main                                            (abs)        000000
__size_of_measure_data                                    (abs)        000000
__size_of_memcpy                                          (abs)        000000
__size_of_memset                                          (abs)        000000
__size_of_process_cdc_setup_request                       (abs)        000000
__size_of_reset_bd0_out                                   (abs)        000000
__size_of_reset_ep0_data_stage                            (abs)        000000
__size_of_send_string_sync                                (abs)        000000
__size_of_send_zero_length_packet_ep0                     (abs)        000000
__size_of_sensor_init                                     (abs)        000000
__size_of_set_line_coding                                 (abs)        000000
__size_of_set_or_clear_comm_feature_callback              (abs)        000000
__size_of_sprintf                                         (abs)        000000
__size_of_stall_ep0                                       (abs)        000000
__size_of_stall_ep_in                                     (abs)        000000
__size_of_stall_ep_out                                    (abs)        000000
__size_of_start_control_return                            (abs)        000000
__size_of_strcpy                                          (abs)        000000
__size_of_strlen                                          (abs)        000000
__size_of_timer_interrupt                                 (abs)        000000
__size_of_timers_init                                     (abs)        000000
__size_of_usb_application_get_string                      (abs)        000000
__size_of_usb_arm_out_endpoint                            (abs)        000000
__size_of_usb_get_configuration                           (abs)        000000
__size_of_usb_get_in_buffer                               (abs)        000000
__size_of_usb_get_out_buffer                              (abs)        000000
__size_of_usb_in_endpoint_busy                            (abs)        000000
__size_of_usb_in_endpoint_halted                          (abs)        000000
__size_of_usb_init                                        (abs)        000000
__size_of_usb_out_endpoint_halted                         (abs)        000000
__size_of_usb_out_endpoint_has_data                       (abs)        000000
__size_of_usb_send_data_stage                             (abs)        000000
__size_of_usb_send_in_buffer                              (abs)        000000
__size_of_usb_send_in_buffer_0                            (abs)        000000
__size_of_usb_service                                     (abs)        000000
__size_of_usb_start_receive_ep0_data_stage                (abs)        000000
__size_ofi2_memcpy                                        (abs)        000000
__size_ofi2_memset                                        (abs)        000000
__size_ofi2_reset_ep0_data_stage                          (abs)        000000
__size_ofi2_usb_in_endpoint_halted                        (abs)        000000
__size_ofi2_usb_init                                      (abs)        000000
__smallconst                                              smallconst   000000
_addr                                                     bssBANK0     0000F2
_addr_pending                                             bssBANK0     0000F3
_app_clear_comm_feature_callback                          text62       004A3E
_app_endpoint_halt_callback                               text38       004A3A
_app_get_comm_feature_callback                            text50       004A2C
_app_get_device_status_callback                           text37       0049D8
_app_get_encapsulated_response                            text49       004A26
_app_get_interface_callback                               text36       004A08
_app_get_line_coding_callback                             text48       004A20
_app_in_transaction_complete_callback                     text67       004A48
_app_out_transaction_callback                             text66       004A46
_app_send_break_callback                                  text47       004A1A
_app_send_encapsulated_command                            text46       004A14
_app_set_comm_feature_callback                            text61       004A3C
_app_set_configuration_callback                           text35       004A38
_app_set_control_line_state_callback                      text45       004A0E
_app_set_interface_callback                               text34       004A02
_app_set_line_coding_callback                             text63       004A40
_app_start_of_frame_callback                              text65       004A44
_app_unknown_get_descriptor_callback                      text33       0049FC
_app_unknown_setup_request_callback                       text40       0049B8
_app_usb_reset_callback                                   text64       004A42
_bds                                                      (abs)        000400
_cdc_data_string                                          mediumconst  0021ED
_cdc_interface_string                                     mediumconst  002213
_clear_ep0_stall                                          text39       0049A8
_configuration_1                                          mediumconst  002177
_control_need_zlp                                         bssBANK0     0000F4
_cpm                                                      bssBANK0     0000F5
_dpowers                                                  mediumconst  0020F5
_ep0_buf                                                  dataBANK0    0000FB
_ep0_data_stage_buf_remaining                             bssCOMRAM    00005B
_ep0_data_stage_callback                                  bssCOMRAM    00005D
_ep0_data_stage_context                                   bssBANK0     0000F0
_ep0_data_stage_direc                                     bssBANK0     0000F6
_ep0_data_stage_in_buffer                                 bssBANK1     000117
_ep0_data_stage_out_buffer                                bssBANK1     000119
_ep_buf                                                   dataBANK1    000100
_ep_buffers                                               (abs)        000500
_fake_serial_num                                          mediumconst  0020FF
_g_configuration                                          bssCOMRAM    00005F
_handle_ep0_in                                            text54       003E12
_handle_ep0_in$626                                        cstackCOMRAM 00000B
_handle_ep0_out                                           text51       003F08
_handle_ep0_out$622                                       cstackCOMRAM 00000D
_handle_ep0_setup                                         text28       0041AC
_handle_standard_control_request                          text29       00232C
_handle_standard_control_request$591                      cstackCOMRAM 00001C
_isr                                                      intcode      002008
_ledState                                                 bssBANK1     00011B
_main                                                     text0        002ED2
_main$1191                                                cstackBANK0  0000DF
_measure_data                                             text22       0049E4
_memcpy                                                   text21       00441E
_memset                                                   text5        0046E8
_process_cdc_setup_request                                text41       00299E
_process_cdc_setup_request$851                            cstackCOMRAM 000028
_process_cdc_setup_request$856                            cstackCOMRAM 00002A
_process_cdc_setup_request$857                            cstackCOMRAM 00002C
_process_cdc_setup_request$859                            cstackCOMRAM 00002E
_product_string                                           mediumconst  00222F
_reset_bd0_out                                            text27       004998
_reset_ep0_data_stage                                     text4        004814
_returning_short                                          bssBANK0     0000F7
_sendDataToPC                                             bssBANK0     0000F8
_send_string_sync                                         text14       004530
_send_zero_length_packet_ep0                              text53       004982
_sensor_init                                              text13       0049EE
_set_line_coding                                          text59       00494C
_set_or_clear_comm_feature_callback                       text60       0044D8
_set_or_clear_request                                     bssBANK0     0000F9
_sprintf                                                  text10       0038FC
_stall_ep0                                                text52       0049C8
_stall_ep_in                                              text32       0042C8
_stall_ep_out                                             text31       004754
_start_control_return                                     text44       0040D6
_start_control_return$547                                 cstackCOMRAM 000013
_start_control_return$548                                 cstackCOMRAM 000015
_start_control_return$549                                 cstackCOMRAM 000017
_str00                                                    mediumconst  00225B
_strcpy                                                   text20       00471E
_strlen                                                   text19       0045D6
_this_device_descriptor                                   mediumconst  002249
_timer_interrupt                                          text68       0046B0
_timers_init                                              text9        00478A
_transfer_data                                            bssBANK1     00011E
_transfer_interface                                       bssBANK0     0000FA
_usb_application_config_descs                             dataBANK1    000115
_usb_application_get_string                               text30       003FFA
_usb_arm_out_endpoint                                     text8        003D18
_usb_get_configuration                                    text7        0049F6
_usb_get_in_buffer                                        text18       00483E
_usb_get_out_buffer                                       text6        004624
_usb_in_endpoint_busy                                     text17       004586
_usb_in_endpoint_halted                                   text16       0048DE
_usb_init                                                 text3        00337A
_usb_out_endpoint_halted                                  text2        0048B8
_usb_out_endpoint_has_data                                text1        004892
_usb_send_data_stage                                      text43       0047E6
_usb_send_in_buffer                                       text15       003C1C
_usb_send_in_buffer_0                                     text57       00466A
_usb_service                                              text24       003A9E
_usb_start_receive_ep0_data_stage                         text42       004904
_vendor_string                                            mediumconst  0021BD
app_clear_comm_feature_callback@data_multiplexed_state    cstackCOMRAM 000002
app_clear_comm_feature_callback@idle_setting              cstackCOMRAM 000001
app_endpoint_halt_callback@halted                         cstackCOMRAM 000001
app_get_comm_feature_callback@data_multiplexed_state      cstackCOMRAM 000003
app_get_comm_feature_callback@idle_setting                cstackCOMRAM 000001
app_get_encapsulated_response@callback                    cstackCOMRAM 000005
app_get_encapsulated_response@context                     cstackCOMRAM 000007
app_get_encapsulated_response@length                      cstackCOMRAM 000001
app_get_encapsulated_response@report                      cstackCOMRAM 000003
app_get_line_coding_callback@coding                       cstackCOMRAM 000001
app_send_break_callback@duration                          cstackCOMRAM 000001
app_send_encapsulated_command@length                      cstackCOMRAM 000001
app_set_comm_feature_callback@data_multiplexed_state      cstackCOMRAM 000002
app_set_comm_feature_callback@idle_setting                cstackCOMRAM 000001
app_set_control_line_state_callback@dtr                   cstackCOMRAM 000001
app_set_control_line_state_callback@dts                   cstackCOMRAM 000002
app_set_interface_callback@alt_setting                    cstackCOMRAM 000001
app_set_line_coding_callback@coding                       cstackCOMRAM 000001
app_unknown_get_descriptor_callback@descriptor            cstackCOMRAM 000003
app_unknown_get_descriptor_callback@pkt                   cstackCOMRAM 000001
app_unknown_setup_request_callback@setup                  cstackCOMRAM 000042
end_of_initialization                                     cinit        0043A8
handle_ep0_in@bytes_to_send                               cstackCOMRAM 00000D
handle_ep0_out@bytes_to_copy                              cstackCOMRAM 000010
handle_ep0_out@pkt_len                                    cstackCOMRAM 00000F
handle_ep0_setup@res                                      cstackCOMRAM 000044
handle_ep0_setup@setup                                    cstackCOMRAM 000045
handle_standard_control_request@desc                      cstackCOMRAM 000027
handle_standard_control_request@desc_578                  cstackCOMRAM 000034
handle_standard_control_request@desc_581                  cstackCOMRAM 000025
handle_standard_control_request@descriptor                cstackCOMRAM 000032
handle_standard_control_request@descriptor_index          cstackCOMRAM 000033
handle_standard_control_request@ep_dir                    cstackCOMRAM 000030
handle_standard_control_request@ep_num                    cstackCOMRAM 00002E
handle_standard_control_request@ep_num_595                cstackCOMRAM 000036
handle_standard_control_request@flags                     cstackCOMRAM 00002F
handle_standard_control_request@len                       cstackCOMRAM 000029
handle_standard_control_request@len_580                   cstackCOMRAM 00002B
handle_standard_control_request@req                       cstackCOMRAM 00002D
handle_standard_control_request@res                       cstackCOMRAM 000023
handle_standard_control_request@res_592                   cstackCOMRAM 00001E
handle_standard_control_request@ret                       cstackCOMRAM 000021
handle_standard_control_request@ret_590                   cstackCOMRAM 00001F
handle_standard_control_request@ret_593                   cstackCOMRAM 000031
handle_standard_control_request@setup                     cstackCOMRAM 000037
handle_standard_control_request@stall                     cstackCOMRAM 000024
i2_memcpy                                                 text56       004480
i2_memset                                                 text26       0047B8
i2_reset_ep0_data_stage                                   text55       004868
i2_usb_in_endpoint_halted                                 text58       00492A
i2_usb_init                                               text25       003674
i2memcpy@d                                                cstackCOMRAM 000007
i2memcpy@d1                                               cstackCOMRAM 000001
i2memcpy@n                                                cstackCOMRAM 000005
i2memcpy@s                                                cstackCOMRAM 000009
i2memcpy@s1                                               cstackCOMRAM 000003
i2memset@c                                                cstackCOMRAM 000003
i2memset@n                                                cstackCOMRAM 000005
i2memset@p                                                cstackCOMRAM 000007
i2memset@p1                                               cstackCOMRAM 000001
i2usb_in_endpoint_halted@endpoint                         cstackCOMRAM 000001
i2usb_init@ep                                             cstackCOMRAM 00000B
i2usb_init@i                                              cstackCOMRAM 00000D
intlevel0                                                 text         000000
intlevel1                                                 text         000000
intlevel2                                                 text         000000
intlevel3                                                 text         000000
main@F7738                                                mediumconst  002091
main@Franklin_Gothic_Medium5x7                            cstackBANK0  00007B
main@buf                                                  cstackBANK0  0000E6
main@char_to_send                                         cstackBANK0  0000E1
main@i                                                    cstackBANK0  0000EA
main@i_1197                                               cstackBANK0  0000E3
main@loopback                                             cstackBANK0  0000E2
main@n                                                    cstackBANK0  0000EE
main@out_buf                                              cstackBANK0  0000EC
main@out_buf_len                                          cstackBANK0  0000E8
main@send                                                 cstackBANK0  0000E5
memcpy@d                                                  cstackBANK0  000069
memcpy@d1                                                 cstackBANK0  000063
memcpy@n                                                  cstackBANK0  000067
memcpy@s                                                  cstackBANK0  00006B
memcpy@s1                                                 cstackBANK0  000065
memset@c                                                  cstackBANK0  000062
memset@n                                                  cstackBANK0  000064
memset@p                                                  cstackBANK0  000066
memset@p1                                                 cstackBANK0  000060
process_cdc_setup_request@callback                        cstackCOMRAM 000039
process_cdc_setup_request@context                         cstackCOMRAM 00003B
process_cdc_setup_request@data_multiplexed_state          cstackCOMRAM 00003E
[...]
		 -> transfer_data(7), NULL(0), ep_buffers(155), 
 Return value:  Size  Location     Type
                  2    0[COMRAM] PTR void 
 Registers used:
		wreg, fsr1l, fsr1h, fsr2l, fsr2h, status,2, status,0, tblptrl, tblptrh, tblptru
 Tracked objects:
		On entry : 
		On exit  : 
		Unchanged: 
 Data sizes:     COMRAM   BANK0   BANK1   BANK2   BANK3   BANK4   BANK5   BANK6   BANK7
      Params:         6       0       0       0       0       0       0       0       0
      Locals:         4       0       0       0       0       0       0       0       0
      Temps:          0       0       0       0       0       0       0       0       0
      Totals:        10       0       0       0       0       0       0       0       0
Total ram usage:       10 bytes
 Hardware stack levels used:    1
 This function calls:
		Nothing
 This function is called by:
		_start_control_return
		_handle_ep0_out
		_handle_ep0_in
 This function uses a non-reentrant model


 *************** function _usb_send_in_buffer_0 *****************
 Defined at:
		line 740 in file "usb.c"
 Parameters:    Size  Location     Type
  len             2    1[COMRAM] unsigned int 
 Auto vars:     Size  Location     Type
  pid             1    3[COMRAM] unsigned char 
 Return value:  Size  Location     Type
		None               void
 Registers used:
		wreg, fsr2l, fsr2h, status,2, status,0, prodl, prodh, cstack
 Tracked objects:
		On entry : 
		On exit  : 
		Unchanged: 
 Data sizes:     COMRAM   BANK0   BANK1   BANK2   BANK3   BANK4   BANK5   BANK6   BANK7
      Params:         2       0       0       0       0       0       0       0       0
      Locals:         1       0       0       0       0       0       0       0       0
      Temps:          0       0       0       0       0       0       0       0       0
      Totals:         3       0       0       0       0       0       0       0       0
Total ram usage:        3 bytes
 Hardware stack levels used:    1
 Hardware stack levels required when called:    1
 This function calls:
		i2_usb_in_endpoint_halted
 This function is called by:
		_start_control_return
		_handle_ep0_in
 This function uses a non-reentrant model


 *************** function i2_usb_in_endpoint_halted *****************
 Defined at:
		line 1496 in file "usb.c"
 Parameters:    Size  Location     Type
  endpoint        1    wreg     unsigned char 
 Auto vars:     Size  Location     Type
  endpoint        1    0[COMRAM] unsigned char 
 Return value:  Size  Location     Type
                  1    wreg      unsigned char 
 Registers used:
		wreg, fsr2l, fsr2h, status,2, status,0, prodl, prodh
 Tracked objects:
		On entry : 
		On exit  : 
		Unchanged: 
 Data sizes:     COMRAM   BANK0   BANK1   BANK2   BANK3   BANK4   BANK5   BANK6   BANK7
      Params:         0       0       0       0       0       0       0       0       0
      Locals:         1       0       0       0       0       0       0       0       0
      Temps:          0       0       0       0       0       0       0       0       0
      Totals:         1       0       0       0       0       0       0       0       0
Total ram usage:        1 bytes
 Hardware stack levels used:    1
 This function calls:
		Nothing
 This function is called by:
		_usb_send_in_buffer_0
 This function uses a non-reentrant model


 *************** function _set_line_coding *****************
 Defined at:
		line 109 in file "usb_cdc.c"
 Parameters:    Size  Location     Type
  transfer_ok     1    wreg     unsigned char 
  context         2    2[COMRAM] PTR void 
		 -> NULL(0), 
 Auto vars:     Size  Location     Type
  transfer_ok     1    4[COMRAM] unsigned char 
 Return value:  Size  Location     Type
		None               void
 Registers used:
		wreg, status,2, status,0, cstack
 Tracked objects:
		On entry : 
		On exit  : 
		Unchanged: 
 Data sizes:     COMRAM   BANK0   BANK1   BANK2   BANK3   BANK4   BANK5   BANK6   BANK7
      Params:         2       0       0       0       0       0       0       0       0
      Locals:         1       0       0       0       0       0       0       0       0
      Temps:          0       0       0       0       0       0       0       0       0
      Totals:         3       0       0       0       0       0       0       0       0
Total ram usage:        3 bytes
 Hardware stack levels used:    1
 Hardware stack levels required when called:    1
 This function calls:
		_app_set_line_coding_callback
 This function is called by:
		_process_cdc_setup_request
		_handle_ep0_setup
		_handle_ep0_out
		_handle_ep0_in
 This function uses a non-reentrant model


 *************** function _set_or_clear_comm_feature_callback *****************
 Defined at:
		line 84 in file "usb_cdc.c"
 Parameters:    Size  Location     Type
  transfer_ok     1    wreg     unsigned char 
  context         2    2[COMRAM] PTR void 
		 -> NULL(0), 
 Auto vars:     Size  Location     Type
  transfer_ok     1    4[COMRAM] unsigned char 
  data_multipl    1    6[COMRAM] unsigned char 
  idle_setting    1    5[COMRAM] unsigned char 
 Return value:  Size  Location     Type
		None               void
 Registers used:
		wreg, status,2, status,0, cstack
 Tracked objects:
		On entry : 
		On exit  : 
		Unchanged: 
 Data sizes:     COMRAM   BANK0   BANK1   BANK2   BANK3   BANK4   BANK5   BANK6   BANK7
      Params:         2       0       0       0       0       0       0       0       0
      Locals:         3       0       0       0       0       0       0       0       0
      Temps:          0       0       0       0       0       0       0       0       0
      Totals:         5       0       0       0       0       0       0       0       0
Total ram usage:        5 bytes
 Hardware stack levels used:    1
 Hardware stack levels required when called:    1
 This function calls:
		_app_clear_comm_feature_callback
		_app_set_comm_feature_callback
 This function is called by:
		_process_cdc_setup_request
		_handle_ep0_setup
		_handle_ep0_out
		_handle_ep0_in
 This function uses a non-reentrant model


 *************** function _app_set_comm_feature_callback *****************
 Defined at:
		line 326 in file "main.c"
 Parameters:    Size  Location     Type
  interface       1    wreg     unsigned char 
  idle_setting    1    0[COMRAM] unsigned char 
  data_multipl    1    1[COMRAM] unsigned char 
 Auto vars:     Size  Location     Type
  interface       1    0[COMRAM] unsigned char 
 Return value:  Size  Location     Type
		None               void
 Registers used:
		wreg
 Tracked objects:
		On entry : 
		On exit  : 
		Unchanged: 
 Data sizes:     COMRAM   BANK0   BANK1   BANK2   BANK3   BANK4   BANK5   BANK6   BANK7
      Params:         2       0       0       0       0       0       0       0       0
      Locals:         0       0       0       0       0       0       0       0       0
      Temps:          0       0       0       0       0       0       0       0       0
      Totals:         2       0       0       0       0       0       0       0       0
Total ram usage:        2 bytes
 Hardware stack levels used:    1
 This function calls:
		Nothing
 This function is called by:
		_set_or_clear_comm_feature_callback
 This function uses a non-reentrant model


 *************** function _app_clear_comm_feature_callback *****************
 Defined at:
		line 333 in file "main.c"
 Parameters:    Size  Location     Type
  interface       1    wreg     unsigned char 
  idle_setting    1    0[COMRAM] unsigned char 
  data_multipl    1    1[COMRAM] unsigned char 
 Auto vars:     Size  Location     Type
  interface       1    0[COMRAM] unsigned char 
 Return value:  Size  Location     Type
		None               void
 Registers used:
		wreg
 Tracked objects:
		On entry : 
		On exit  : 
		Unchanged: 
 Data sizes:     COMRAM   BANK0   BANK1   BANK2   BANK3   BANK4   BANK5   BANK6   BANK7
      Params:         2       0       0       0       0       0       0       0       0
      Locals:         0       0       0       0       0       0       0       0       0
      Temps:          0       0       0       0       0       0       0       0       0
      Totals:         2       0       0       0       0       0       0       0       0
Total ram usage:        2 bytes
 Hardware stack levels used:    1
 This function calls:
		Nothing
 This function is called by:
		_set_or_clear_comm_feature_callback
 This function uses a non-reentrant model


 *************** function _app_set_line_coding_callback *****************
 Defined at:
		line 347 in file "main.c"
 Parameters:    Size  Location     Type
  interface       1    wreg     unsigned char 
  coding          2    0[COMRAM] PTR const struct cdc_lin
		 -> transfer_data(7), 
 Auto vars:     Size  Location     Type
  interface       1    0[COMRAM] unsigned char 
 Return value:  Size  Location     Type
		None               void
 Registers used:
		wreg
 Tracked objects:
		On entry : 
		On exit  : 
		Unchanged: 
 Data sizes:     COMRAM   BANK0   BANK1   BANK2   BANK3   BANK4   BANK5   BANK6   BANK7
      Params:         2       0       0       0       0       0       0       0       0
      Locals:         0       0       0       0       0       0       0       0       0
      Temps:          0       0       0       0       0       0       0       0       0
      Totals:         2       0       0       0       0       0       0       0       0
Total ram usage:        2 bytes
 Hardware stack levels used:    1
 This function calls:
		Nothing
 This function is called by:
		_set_line_coding
 This function uses a non-reentrant model


 *************** function _app_usb_reset_callback *****************
 Defined at:
		line 306 in file "main.c"
 Parameters:    Size  Location     Type
		None
 Auto vars:     Size  Location     Type
		None
 Return value:  Size  Location     Type
		None               void
 Registers used:
		None
 Tracked objects:
		On entry : 
		On exit  : 
		Unchanged: 
 Data sizes:     COMRAM   BANK0   BANK1   BANK2   BANK3   BANK4   BANK5   BANK6   BANK7
      Params:         0       0       0       0       0       0       0       0       0
      Locals:         0       0       0       0       0       0       0       0       0
      Temps:          0       0       0       0       0       0       0       0       0
      Totals:         0       0       0       0       0       0       0       0       0
Total ram usage:        0 bytes
 Hardware stack levels used:    1
 This function calls:
		Nothing
 This function is called by:
		_usb_service
 This function uses a non-reentrant model


 *************** function _app_start_of_frame_callback *****************
 Defined at:
		line 301 in file "main.c"
 Parameters:    Size  Location     Type
		None
 Auto vars:     Size  Location     Type
		None
 Return value:  Size  Location     Type
		None               void
 Registers used:
		None
 Tracked objects:
		On entry : 
		On exit  : 
		Unchanged: 
 Data sizes:     COMRAM   BANK0   BANK1   BANK2   BANK3   BANK4   BANK5   BANK6   BANK7
      Params:         0       0       0       0       0       0       0       0       0
      Locals:         0       0       0       0       0       0       0       0       0
      Temps:          0       0       0       0       0       0       0       0       0
      Totals:         0       0       0       0       0       0       0       0       0
Total ram usage:        0 bytes
 Hardware stack levels used:    1
 This function calls:
		Nothing
 This function is called by:
		_usb_service
 This function uses a non-reentrant model


 *************** function _app_out_transaction_callback *****************
 Defined at:
		line 273 in file "main.c"
 Parameters:    Size  Location     Type
  endpoint        1    wreg     unsigned char 
 Auto vars:     Size  Location     Type
  endpoint        1    0[COMRAM] unsigned char 
 Return value:  Size  Location     Type
		None               void
 Registers used:
		wreg
 Tracked objects:
		On entry : 
		On exit  : 
		Unchanged: 
 Data sizes:     COMRAM   BANK0   BANK1   BANK2   BANK3   BANK4   BANK5   BANK6   BANK7
      Params:         0       0       0       0       0       0       0       0       0
      Locals:         0       0       0       0       0       0       0       0       0
      Temps:          0       0       0       0       0       0       0       0       0
      Totals:         0       0       0       0       0       0       0       0       0
Total ram usage:        0 bytes
 Hardware stack levels used:    1
 This function calls:
		Nothing
 This function is called by:
		_usb_service
 This function uses a non-reentrant model


 *************** function _app_in_transaction_complete_callback *****************
 Defined at:
		line 278 in file "main.c"
 Parameters:    Size  Location     Type
  endpoint        1    wreg     unsigned char 
 Auto vars:     Size  Location     Type
  endpoint        1    0[COMRAM] unsigned char 
 Return value:  Size  Location     Type
		None               void
 Registers used:
		wreg
 Tracked objects:
		On entry : 
		On exit  : 
		Unchanged: 
 Data sizes:     COMRAM   BANK0   BANK1   BANK2   BANK3   BANK4   BANK5   BANK6   BANK7
      Params:         0       0       0       0       0       0       0       0       0
      Locals:         0       0       0       0       0       0       0       0       0
      Temps:          0       0       0       0       0       0       0       0       0
      Totals:         0       0       0       0       0       0       0       0       0
Total ram usage:        0 bytes
 Hardware stack levels used:    1
 This function calls:
		Nothing
 This function is called by:
		_usb_service
 This function uses a non-reentrant model


 *************** function _timer_interrupt *****************
 Defined at:
		line 21 in file "timers.c"
 Parameters:    Size  Location     Type
		None
 Auto vars:     Size  Location     Type
		None
 Return value:  Size  Location     Type
		None               void
 Registers used:
		wreg, status,2, status,0
 Tracked objects:
		On entry : 
		On exit  : 
		Unchanged: 
 Data sizes:     COMRAM   BANK0   BANK1   BANK2   BANK3   BANK4   BANK5   BANK6   BANK7
      Params:         0       0       0       0       0       0       0       0       0
      Locals:         0       0       0       0       0       0       0       0       0
      Temps:          0       0       0       0       0       0       0       0       0
      Totals:         0       0       0       0       0       0       0       0       0
Total ram usage:        0 bytes
 Hardware stack levels used:    1
 This function calls:
		Nothing
 This function is called by:
		_isr
 This function uses a non-reentrant model



MODULE INFORMATION

Module		Function		Class		Link	Load	Size
timers.c
		_timer_interrup		CODE           	46B0	0000	57
		_timers_init   		CODE           	478A	0000	47

timers.c estimated size: 104

sensor.c
		_sensor_init   		CODE           	49EE	0000	9

sensor.c estimated size: 9

C:\Program Files (x86)\Microchip\xc8\v1.34\sources\common\memcpy.c
		_memcpy        		CODE           	441E	0000	99

C:\Program Files (x86)\Microchip\xc8\v1.34\sources\common\memcpy.c estimated size: 99

usb_cdc.c
		_set_or_clear_c		CODE           	44D8	0000	89
		_process_cdc_se		CODE           	299E	0000	1333
		_set_line_codin		CODE           	494C	0000	31

usb_cdc.c estimated size: 1453

usb_descriptors.c
		_usb_applicatio		CODE           	3FFA	0000	221

usb_descriptors.c estimated size: 221

C:\Program Files (x86)\Microchip\xc8\v1.34\sources\common\lwmod.c
		___lwmod       		CODE           	43B2	0000	109

C:\Program Files (x86)\Microchip\xc8\v1.34\sources\common\lwmod.c estimated size: 109

C:\Program Files (x86)\Microchip\xc8\v1.34\sources\common\strlen.c
		_strlen        		CODE           	45D6	0000	79

C:\Program Files (x86)\Microchip\xc8\v1.34\sources\common\strlen.c estimated size: 79

shared
		_str00         		MEDIUMCONST    	225B	0000	5
		_dpowers       		MEDIUMCONST    	20F5	0000	11
		_product_string		MEDIUMCONST    	222F	0000	27
		_configuration_		MEDIUMCONST    	2177	0000	71
		i2_usb_init    		CODE           	3674	0000	649
		main@F7738     		MEDIUMCONST    	2091	0000	101
		__initializatio		CODE           	4346	0000	99
		_fake_serial_nu		MEDIUMCONST    	20FF	0000	121
		i2_usb_in_endpo		CODE           	492A	0000	35
		_vendor_string 		MEDIUMCONST    	21BD	0000	49
		_cdc_data_strin		MEDIUMCONST    	21ED	0000	39
		_cdc_interface_		MEDIUMCONST    	2213	0000	29
		i2_memset      		CODE           	47B8	0000	47
		_this_device_de		MEDIUMCONST    	2249	0000	19
		i2_memcpy      		CODE           	4480	0000	89
		i2_reset_ep0_da		CODE           	4868	0000	43

shared estimated size: 1434

C:\Program Files (x86)\Microchip\xc8\v1.34\sources\common\strcpy.c
		_strcpy        		CODE           	471E	0000	55

C:\Program Files (x86)\Microchip\xc8\v1.34\sources\common\strcpy.c estimated size: 55

C:\Program Files (x86)\Microchip\xc8\v1.34\sources\common\memset.c
		_memset        		CODE           	46E8	0000	55

C:\Program Files (x86)\Microchip\xc8\v1.34\sources\common\memset.c estimated size: 55

C:\Program Files (x86)\Microchip\xc8\v1.34\sources\common\lwdiv.c
		___lwdiv       		CODE           	4246	0000	131

C:\Program Files (x86)\Microchip\xc8\v1.34\sources\common\lwdiv.c estimated size: 131

measure.c
		_measure_data  		CODE           	49E4	0000	11

measure.c estimated size: 11

C:\Program Files (x86)\Microchip\xc8\v1.34\sources\common\doprnt.c
		_sprintf       		CODE           	38FC	0000	419

C:\Program Files (x86)\Microchip\xc8\v1.34\sources\common\doprnt.c estimated size: 419

usb.c
		_usb_send_in_bu		CODE           	3C1C	0000	253
		_stall_ep_in   		CODE           	42C8	0000	127
		_stall_ep_out  		CODE           	4754	0000	55
		_usb_get_out_bu		CODE           	4624	0000	71
		_usb_in_endpoin		CODE           	48DE	0000	39
		_usb_service   		CODE           	3A9E	0000	383
		_usb_get_config		CODE           	49F6	0000	7
		_usb_send_data_		CODE           	47E6	0000	47
		_handle_standar		CODE           	232C	0000	1651
		_usb_send_in_bu		CODE           	466A	0000	71
		_reset_bd0_out 		CODE           	4998	0000	17
		_usb_init      		CODE           	337A	0000	763
		_usb_out_endpoi		CODE           	4892	0000	39
		_usb_arm_out_en		CODE           	3D18	0000	251
		_handle_ep0_in 		CODE           	3E12	0000	247
		_usb_in_endpoin		CODE           	4586	0000	81
		_clear_ep0_stal		CODE           	49A8	0000	17
		_handle_ep0_set		CODE           	41AC	0000	155
		_handle_ep0_out		CODE           	3F08	0000	243
		_usb_start_rece		CODE           	4904	0000	39
		_usb_out_endpoi		CODE           	48B8	0000	39
		_start_control_		CODE           	40D6	0000	215
		_usb_get_in_buf		CODE           	483E	0000	43
		_reset_ep0_data		CODE           	4814	0000	43
		_send_zero_leng		CODE           	4982	0000	23
		_stall_ep0     		CODE           	49C8	0000	17

usb.c estimated size: 4936

main.c
		_app_start_of_f		CODE           	4A44	0000	3
		_app_get_device		CODE           	49D8	0000	13
		_main          		CODE           	2ED2	0000	1193
		_app_set_contro		CODE           	4A0E	0000	7
		_app_in_transac		CODE           	4A48	0000	3
		_app_get_comm_f		CODE           	4A2C	0000	7
		_app_set_comm_f		CODE           	4A3C	0000	3
		_app_unknown_ge		CODE           	49FC	0000	7
		_app_usb_reset_		CODE           	4A42	0000	3
		_app_send_break		CODE           	4A1A	0000	7
		_isr           		CODE           	2008	0000	133
		_app_set_config		CODE           	4A38	0000	3
		_app_get_encaps		CODE           	4A26	0000	7
		_send_string_sy		CODE           	4530	0000	87
		_app_endpoint_h		CODE           	4A3A	0000	3
		_app_get_line_c		CODE           	4A20	0000	7
		_app_get_interf		CODE           	4A08	0000	7
		_app_unknown_se		CODE           	49B8	0000	17
		_app_clear_comm		CODE           	4A3E	0000	3
		_app_set_line_c		CODE           	4A40	0000	3
		_app_set_interf		CODE           	4A02	0000	7
		_app_send_encap		CODE           	4A14	0000	7
		_app_out_transa		CODE           	4A46	0000	3

main.c estimated size: 1533

