Archive member included because of file (symbol)

c:/program files (x86)/gnu tools arm embedded/4.9 2014q4/bin/../lib/gcc/arm-none-eabi/4.9.3/armv7e-m\libgcc.a(_arm_addsubdf3.o)
                              ..\obj\tm_stm32f4_timer_properties.o (__aeabi_ui2d)
c:/program files (x86)/gnu tools arm embedded/4.9 2014q4/bin/../lib/gcc/arm-none-eabi/4.9.3/armv7e-m\libgcc.a(_arm_muldivdf3.o)
                              ..\obj\tm_stm32f4_timer_properties.o (__aeabi_ddiv)
c:/program files (x86)/gnu tools arm embedded/4.9 2014q4/bin/../lib/gcc/arm-none-eabi/4.9.3/armv7e-m\libgcc.a(_arm_cmpdf2.o)
                              ..\obj\tm_stm32f4_timer_properties.o (__aeabi_dcmpeq)
c:/program files (x86)/gnu tools arm embedded/4.9 2014q4/bin/../lib/gcc/arm-none-eabi/4.9.3/armv7e-m\libgcc.a(_arm_fixunsdfsi.o)
                              ..\obj\tm_stm32f4_timer_properties.o (__aeabi_d2uiz)

Allocating common symbols
Common symbol       size              file

ILI9341_x           0x2               ..\obj\tm_stm32f4_ili9341.o
ILI9341_Opts        0x6               ..\obj\tm_stm32f4_ili9341.o
ILI9341_y           0x2               ..\obj\tm_stm32f4_ili9341.o
mult                0x4               ..\obj\tm_stm32f4_delay.o
TM_I2C_Timeout      0x4               ..\obj\tm_stm32f4_i2c.o

Discarded input sections

 .text          0x00000000        0x0 ..\obj\stm32f4xx_syscfg.o
 .data          0x00000000        0x0 ..\obj\stm32f4xx_syscfg.o
 .bss           0x00000000        0x0 ..\obj\stm32f4xx_syscfg.o
 .text.SYSCFG_DeInit
                0x00000000       0x1c ..\obj\stm32f4xx_syscfg.o
 .text.SYSCFG_MemoryRemapConfig
                0x00000000       0x20 ..\obj\stm32f4xx_syscfg.o
 .text.SYSCFG_MemorySwappingBank
                0x00000000       0x20 ..\obj\stm32f4xx_syscfg.o
 .text.SYSCFG_EXTILineConfig
                0x00000000       0x84 ..\obj\stm32f4xx_syscfg.o
 .text.SYSCFG_ETH_MediaInterfaceConfig
                0x00000000       0x1c ..\obj\stm32f4xx_syscfg.o
 .text.SYSCFG_CompensationCellCmd
                0x00000000       0x20 ..\obj\stm32f4xx_syscfg.o
 .text.SYSCFG_GetCompensationCellStatus
                0x00000000       0x34 ..\obj\stm32f4xx_syscfg.o
 .debug_info    0x00000000      0x290 ..\obj\stm32f4xx_syscfg.o
 .debug_abbrev  0x00000000      0x131 ..\obj\stm32f4xx_syscfg.o
 .debug_aranges
                0x00000000       0x50 ..\obj\stm32f4xx_syscfg.o
 .debug_ranges  0x00000000       0x40 ..\obj\stm32f4xx_syscfg.o
 .debug_line    0x00000000      0x21a ..\obj\stm32f4xx_syscfg.o
 .debug_str     0x00000000      0x304 ..\obj\stm32f4xx_syscfg.o
 .comment       0x00000000       0x71 ..\obj\stm32f4xx_syscfg.o
 .debug_frame   0x00000000      0x11c ..\obj\stm32f4xx_syscfg.o
 .ARM.attributes
                0x00000000       0x33 ..\obj\stm32f4xx_syscfg.o
 .text          0x00000000        0x0 ..\obj\stm32f4xx_sdio.o
 .data          0x00000000        0x0 ..\obj\stm32f4xx_sdio.o
 .bss           0x00000000        0x0 ..\obj\stm32f4xx_sdio.o
 .text.SDIO_DeInit
                0x00000000       0x1c ..\obj\stm32f4xx_sdio.o
 .text.SDIO_Init
                0x00000000       0x5c ..\obj\stm32f4xx_sdio.o
 .text.SDIO_StructInit
                0x00000000       0x38 ..\obj\stm32f4xx_sdio.o
 .text.SDIO_ClockCmd
                0x00000000       0x20 ..\obj\stm32f4xx_sdio.o
 .text.SDIO_SetPowerState
                0x00000000       0x1c ..\obj\stm32f4xx_sdio.o
 .text.SDIO_GetPowerState
                0x00000000       0x1c ..\obj\stm32f4xx_sdio.o
 .text.SDIO_SendCommand
                0x00000000       0x58 ..\obj\stm32f4xx_sdio.o
 .text.SDIO_CmdStructInit
                0x00000000       0x30 ..\obj\stm32f4xx_sdio.o
 .text.SDIO_GetCommandResponse
                0x00000000       0x18 ..\obj\stm32f4xx_sdio.o
 .text.SDIO_GetResponse
                0x00000000       0x28 ..\obj\stm32f4xx_sdio.o
 .text.SDIO_DataConfig
                0x00000000       0x5c ..\obj\stm32f4xx_sdio.o
 .text.SDIO_DataStructInit
                0x00000000       0x38 ..\obj\stm32f4xx_sdio.o
 .text.SDIO_GetDataCounter
                0x00000000       0x18 ..\obj\stm32f4xx_sdio.o
 .text.SDIO_ReadData
                0x00000000       0x18 ..\obj\stm32f4xx_sdio.o
 .text.SDIO_WriteData
                0x00000000       0x20 ..\obj\stm32f4xx_sdio.o
 .text.SDIO_GetFIFOCount
                0x00000000       0x18 ..\obj\stm32f4xx_sdio.o
 .text.SDIO_StartSDIOReadWait
                0x00000000       0x20 ..\obj\stm32f4xx_sdio.o
 .text.SDIO_StopSDIOReadWait
                0x00000000       0x20 ..\obj\stm32f4xx_sdio.o
 .text.SDIO_SetSDIOReadWaitMode
                0x00000000       0x1c ..\obj\stm32f4xx_sdio.o
 .text.SDIO_SetSDIOOperation
                0x00000000       0x20 ..\obj\stm32f4xx_sdio.o
 .text.SDIO_SendSDIOSuspendCmd
                0x00000000       0x20 ..\obj\stm32f4xx_sdio.o
 .text.SDIO_CommandCompletionCmd
                0x00000000       0x20 ..\obj\stm32f4xx_sdio.o
 .text.SDIO_CEATAITCmd
                0x00000000       0x2c ..\obj\stm32f4xx_sdio.o
[...]
Memory Configuration

Name             Origin             Length             Attributes
rom              0x08000000         0x00100000         xr
ram              0x20000000         0x00020000         xrw
ram1             0x10000000         0x00010000         xrw
*default*        0x00000000         0xffffffff

Linker script and memory map

                0x20020000                _eram = 0x20020000

.text           0x08000000     0x51f4
 *(.isr_vector)
 .isr_vector    0x08000000      0x1ac ..\obj\startup_stm32f4xx.o
                0x08000000                g_pfnVectors
 *(.text*)
 .text.Default_Reset_Handler
                0x080001ac       0x58 ..\obj\startup_stm32f4xx.o
                0x080001ac                Default_Reset_Handler
                0x080001ac                Reset_Handler
 .text.Default_Handler
                0x08000204        0x8 ..\obj\startup_stm32f4xx.o
                0x08000204                RTC_Alarm_IRQHandler
                0x08000204                HASH_RNG_IRQHandler
                0x08000204                EXTI2_IRQHandler
                0x08000204                TIM8_CC_IRQHandler
                0x08000204                DebugMon_Handler
                0x08000204                UART8_IRQHandler
                0x08000204                SPI4_IRQHandler
                0x08000204                TIM1_CC_IRQHandler
                0x08000204                DMA2_Stream5_IRQHandler
                0x08000204                HardFault_Handler
                0x08000204                DMA1_Stream5_IRQHandler
                0x08000204                PVD_IRQHandler
                0x08000204                SDIO_IRQHandler
                0x08000204                TAMP_STAMP_IRQHandler
                0x08000204                PendSV_Handler
                0x08000204                NMI_Handler
                0x08000204                CAN2_RX1_IRQHandler
                0x08000204                EXTI3_IRQHandler
                0x08000204                TIM8_TRG_COM_TIM14_IRQHandler
                0x08000204                TIM1_UP_TIM10_IRQHandler
                0x08000204                TIM8_UP_TIM13_IRQHandler
                0x08000204                I2C3_ER_IRQHandler
                0x08000204                EXTI0_IRQHandler
                0x08000204                I2C2_EV_IRQHandler
                0x08000204                DMA1_Stream2_IRQHandler
                0x08000204                CAN1_RX0_IRQHandler
                0x08000204                FPU_IRQHandler
                0x08000204                OTG_HS_WKUP_IRQHandler
                0x08000204                UsageFault_Handler
                0x08000204                LTDC_ER_IRQHandler
                0x08000204                CAN2_SCE_IRQHandler
                0x08000204                DMA2_Stream2_IRQHandler
                0x08000204                SPI1_IRQHandler
                0x08000204                TIM6_DAC_IRQHandler
                0x08000204                TIM1_BRK_TIM9_IRQHandler
                0x08000204                DCMI_IRQHandler
                0x08000204                CAN2_RX0_IRQHandler
                0x08000204                DMA2_Stream3_IRQHandler
                0x08000204                USART6_IRQHandler
                0x08000204                USART3_IRQHandler
                0x08000204                CRYP_IRQHandler
                0x08000204                CAN1_RX1_IRQHandler
                0x08000204                UART5_IRQHandler
                0x08000204                DMA2_Stream0_IRQHandler
                0x08000204                TIM4_IRQHandler
                0x08000204                I2C1_EV_IRQHandler
                0x08000204                DMA1_Stream6_IRQHandler
                0x08000204                DMA1_Stream1_IRQHandler
                0x08000204                UART4_IRQHandler
                0x08000204                TIM3_IRQHandler
                0x08000204                RCC_IRQHandler
                0x08000204                TIM8_BRK_TIM12_IRQHandler
                0x08000204                EXTI15_10_IRQHandler
                0x08000204                ADC_IRQHandler
                0x08000204                DMA1_Stream7_IRQHandler
                0x08000204                SPI5_IRQHandler
                0x08000204                TIM7_IRQHandler
                0x08000204                CAN2_TX_IRQHandler
                0x08000204                TIM5_IRQHandler
                0x08000204                DMA2_Stream7_IRQHandler
                0x08000204                I2C3_EV_IRQHandler
                0x08000204                EXTI9_5_IRQHandler
                0x08000204                RTC_WKUP_IRQHandler
                0x08000204                LTDC_IRQHandler
                0x08000204                ETH_WKUP_IRQHandler
                0x08000204                SPI2_IRQHandler
                0x08000204                OTG_HS_EP1_IN_IRQHandler
                0x08000204                MemManage_Handler
                0x08000204                DMA1_Stream0_IRQHandler
                0x08000204                CAN1_TX_IRQHandler
                0x08000204                SVC_Handler
                0x08000204                EXTI4_IRQHandler
                0x08000204                ETH_IRQHandler
                0x08000204                OTG_HS_EP1_OUT_IRQHandler
                0x08000204                WWDG_IRQHandler
                0x08000204                SPI6_IRQHandler
                0x08000204                TIM2_IRQHandler
                0x08000204                OTG_FS_WKUP_IRQHandler
                0x08000204                TIM1_TRG_COM_TIM11_IRQHandler
                0x08000204                OTG_HS_IRQHandler
                0x08000204                DMA2D_IRQHandler
                0x08000204                EXTI1_IRQHandler
                0x08000204                UART7_IRQHandler
                0x08000204                USART2_IRQHandler
                0x08000204                I2C2_ER_IRQHandler
                0x08000204                DMA2_Stream1_IRQHandler
                0x08000204                CAN1_SCE_IRQHandler
                0x08000204                FLASH_IRQHandler
                0x08000204                DMA2_Stream4_IRQHandler
                0x08000204                BusFault_Handler
                0x08000204                USART1_IRQHandler
                0x08000204                OTG_FS_IRQHandler
                0x08000204                SPI3_IRQHandler
                0x08000204                DMA1_Stream4_IRQHandler
                0x08000204                I2C1_ER_IRQHandler
                0x08000204                FMC_IRQHandler
                0x08000204                DMA2_Stream6_IRQHandler
                0x08000204                SAI1_IRQHandler
                0x08000204                DMA1_Stream3_IRQHandler
 .text.main     0x0800020c      0x108 ..\obj\main.o
                0x0800020c                main
 .text.RCC_HSEConfig
                0x08000314       0x24 ..\obj\stm32f4xx_rcc.o
                0x08000314                RCC_HSEConfig
 .text.RCC_WaitForHSEStartUp
                0x08000338       0x50 ..\obj\stm32f4xx_rcc.o
                0x08000338                RCC_WaitForHSEStartUp
 .text.RCC_GetClocksFreq
                0x08000388      0x154 ..\obj\stm32f4xx_rcc.o
                0x08000388                RCC_GetClocksFreq
 .text.RCC_AHB1PeriphClockCmd
                0x080004dc       0x3c ..\obj\stm32f4xx_rcc.o
                0x080004dc                RCC_AHB1PeriphClockCmd
 .text.RCC_APB1PeriphClockCmd
                0x08000518       0x3c ..\obj\stm32f4xx_rcc.o
                0x08000518                RCC_APB1PeriphClockCmd
 .text.RCC_APB2PeriphClockCmd
                0x08000554       0x3c ..\obj\stm32f4xx_rcc.o
                0x08000554                RCC_APB2PeriphClockCmd
 .text.RCC_GetFlagStatus
                0x08000590       0x74 ..\obj\stm32f4xx_rcc.o
                0x08000590                RCC_GetFlagStatus
 .text.Delayms  0x08000604       0x2c ..\obj\tm_stm32f4_stmpe811.o
 .text.TM_STMPE811_Init
                0x08000630      0x174 ..\obj\tm_stm32f4_stmpe811.o
                0x08000630                TM_STMPE811_Init
 .text.TM_STMPE811_Read
                0x080007a4       0x24 ..\obj\tm_stm32f4_stmpe811.o
                0x080007a4                TM_STMPE811_Read
 .text.TM_STMPE811_ReadTouch
                0x080007c8      0x19c ..\obj\tm_stm32f4_stmpe811.o
                0x080007c8                TM_STMPE811_ReadTouch
 .text.TM_STMPE811_ReadX
                0x08000964       0xbc ..\obj\tm_stm32f4_stmpe811.o
                0x08000964                TM_STMPE811_ReadX
 .text.TM_STMPE811_ReadY
                0x08000a20       0xa4 ..\obj\tm_stm32f4_stmpe811.o
                0x08000a20                TM_STMPE811_ReadY
 .text.NVIC_SetPriority
                0x08000ac4       0x54 ..\obj\tm_stm32f4_delay.o
 .text.SysTick_Config
                0x08000b18       0x44 ..\obj\tm_stm32f4_delay.o
 .text.SysTick_Handler
                0x08000b5c       0x30 ..\obj\tm_stm32f4_delay.o
                0x08000b5c                SysTick_Handler
 .text.TM_DELAY_Init
                0x08000b8c       0x68 ..\obj\tm_stm32f4_delay.o
                0x08000b8c                TM_DELAY_Init
 .text.TM_SPI_Init
                0x08000bf4       0x94 ..\obj\tm_stm32f4_spi.o
                0x08000bf4                TM_SPI_Init
 .text.TM_SPI_Send
                0x08000c88       0x54 ..\obj\tm_stm32f4_spi.o
                0x08000c88                TM_SPI_Send
 .text.TM_SPI1_Init
                0x08000cdc       0xfc ..\obj\tm_stm32f4_spi.o
                0x08000cdc                TM_SPI1_Init
 .text.TM_SPI2_Init
                0x08000dd8      0x15c ..\obj\tm_stm32f4_spi.o
                0x08000dd8                TM_SPI2_Init
 .text.TM_SPI3_Init
                0x08000f34       0xfc ..\obj\tm_stm32f4_spi.o
                0x08000f34                TM_SPI3_Init
 .text.TM_SPI4_Init
                0x08001030       0xf8 ..\obj\tm_stm32f4_spi.o
                0x08001030                TM_SPI4_Init
 .text.TM_SPI5_Init
                0x08001128      0x118 ..\obj\tm_stm32f4_spi.o
                0x08001128                TM_SPI5_Init
 .text.TM_SPI6_Init
                0x08001240       0xb4 ..\obj\tm_stm32f4_spi.o
                0x08001240                TM_SPI6_Init
 .text.TM_I2C_Init
                0x080012f4      0x114 ..\obj\tm_stm32f4_i2c.o
                0x080012f4                TM_I2C_Init
 .text.TM_I2C1_InitPins
                0x08001408       0x9c ..\obj\tm_stm32f4_i2c.o
                0x08001408                TM_I2C1_InitPins
 .text.TM_I2C2_InitPins
                0x080014a4       0xc8 ..\obj\tm_stm32f4_i2c.o
                0x080014a4                TM_I2C2_InitPins
 .text.TM_I2C3_InitPins
                0x0800156c       0xb0 ..\obj\tm_stm32f4_i2c.o
                0x0800156c                TM_I2C3_InitPins
 .text.TM_I2C_Read
                0x0800161c       0x50 ..\obj\tm_stm32f4_i2c.o
                0x0800161c                TM_I2C_Read
 .text.TM_I2C_Write
                0x0800166c       0x48 ..\obj\tm_stm32f4_i2c.o
                0x0800166c                TM_I2C_Write
 .text.TM_I2C_ReadMulti
                0x080016b4       0x88 ..\obj\tm_stm32f4_i2c.o
                0x080016b4                TM_I2C_ReadMulti
 .text.TM_I2C_Start
                0x0800173c      0x114 ..\obj\tm_stm32f4_i2c.o
                0x0800173c                TM_I2C_Start
 .text.TM_I2C_WriteData
                0x08001850       0x50 ..\obj\tm_stm32f4_i2c.o
                0x08001850                TM_I2C_WriteData
 .text.TM_I2C_ReadAck
                0x080018a0       0x58 ..\obj\tm_stm32f4_i2c.o
                0x080018a0                TM_I2C_ReadAck
 .text.TM_I2C_ReadNack
                0x080018f8       0x60 ..\obj\tm_stm32f4_i2c.o
                0x080018f8                TM_I2C_ReadNack
 .text.TM_I2C_Stop
                0x08001958       0x6c ..\obj\tm_stm32f4_i2c.o
                0x08001958                TM_I2C_Stop
 .text.GPIO_Init
                0x080019c4      0x11c ..\obj\stm32f4xx_gpio.o
                0x080019c4                GPIO_Init
 .text.GPIO_SetBits
                0x08001ae0       0x1c ..\obj\stm32f4xx_gpio.o
                0x08001ae0                GPIO_SetBits
 .text.GPIO_ResetBits
                0x08001afc       0x1c ..\obj\stm32f4xx_gpio.o
                0x08001afc                GPIO_ResetBits
 .text.GPIO_PinAFConfig
                0x08001b18       0x90 ..\obj\stm32f4xx_gpio.o
                0x08001b18                GPIO_PinAFConfig
 .text.SystemInit
                0x08001ba8       0x58 ..\obj\system_stm32f4xx.o
                0x08001ba8                SystemInit
 .text.SetSysClock
                0x08001c00      0x128 ..\obj\system_stm32f4xx.o
 .text.SPI_Init
                0x08001d28       0x88 ..\obj\stm32f4xx_spi.o
                0x08001d28                SPI_Init
 .text.SPI_StructInit
                0x08001db0       0x48 ..\obj\stm32f4xx_spi.o
                0x08001db0                SPI_StructInit
 .text.SPI_Cmd  0x08001df8       0x40 ..\obj\stm32f4xx_spi.o
                0x08001df8                SPI_Cmd
 .text.SPI_I2S_GetFlagStatus
                0x08001e38       0x38 ..\obj\stm32f4xx_spi.o
                0x08001e38                SPI_I2S_GetFlagStatus
 .text.I2C_Init
                0x08001e70      0x184 ..\obj\stm32f4xx_i2c.o
                0x08001e70                I2C_Init
 .text.I2C_Cmd  0x08001ff4       0x40 ..\obj\stm32f4xx_i2c.o
                0x08001ff4                I2C_Cmd
 .text.I2C_GenerateSTART
                0x08002034       0x40 ..\obj\stm32f4xx_i2c.o
                0x08002034                I2C_GenerateSTART
 .text.I2C_GenerateSTOP
                0x08002074       0x40 ..\obj\stm32f4xx_i2c.o
                0x08002074                I2C_GenerateSTOP
 .text.I2C_Send7bitAddress
                0x080020b4       0x3c ..\obj\stm32f4xx_i2c.o
                0x080020b4                I2C_Send7bitAddress
 .text.I2C_AcknowledgeConfig
                0x080020f0       0x40 ..\obj\stm32f4xx_i2c.o
                0x080020f0                I2C_AcknowledgeConfig
 .text.I2C_SendData
                0x08002130       0x20 ..\obj\stm32f4xx_i2c.o
                0x08002130                I2C_SendData
 .text.I2C_ReceiveData
                0x08002150       0x1c ..\obj\stm32f4xx_i2c.o
                0x08002150                I2C_ReceiveData
 .text.I2C_CheckEvent
                0x0800216c       0x60 ..\obj\stm32f4xx_i2c.o
                0x0800216c                I2C_CheckEvent
 .text.I2C_GetFlagStatus
                0x080021cc       0x68 ..\obj\stm32f4xx_i2c.o
                0x080021cc                I2C_GetFlagStatus
 .text.TM_ILI9341_Init
                0x08002234       0xbc ..\obj\tm_stm32f4_ili9341.o
                0x08002234                TM_ILI9341_Init
 .text.TM_ILI9341_InitLCD
                0x080022f0      0x25c ..\obj\tm_stm32f4_ili9341.o
                0x080022f0                TM_ILI9341_InitLCD
 .text.TM_ILI9341_SendCommand
                0x0800254c       0x40 ..\obj\tm_stm32f4_ili9341.o
                0x0800254c                TM_ILI9341_SendCommand
 .text.TM_ILI9341_SendData
                0x0800258c       0x40 ..\obj\tm_stm32f4_ili9341.o
                0x0800258c                TM_ILI9341_SendData
 .text.TM_ILI9341_DrawPixel
                0x080025cc       0x44 ..\obj\tm_stm32f4_ili9341.o
                0x080025cc                TM_ILI9341_DrawPixel
 .text.TM_ILI9341_SetCursorPosition
                0x08002610       0x90 ..\obj\tm_stm32f4_ili9341.o
                0x08002610                TM_ILI9341_SetCursorPosition
 .text.TM_ILI9341_Fill
                0x080026a0       0x68 ..\obj\tm_stm32f4_ili9341.o
                0x080026a0                TM_ILI9341_Fill
 .text.TM_ILI9341_Delay
                0x08002708       0x20 ..\obj\tm_stm32f4_ili9341.o
                0x08002708                TM_ILI9341_Delay
 .text.TM_ILI9341_Rotate
                0x08002728       0x88 ..\obj\tm_stm32f4_ili9341.o
                0x08002728                TM_ILI9341_Rotate
 .text.TM_ILI9341_Puts
                0x080027b0       0xac ..\obj\tm_stm32f4_ili9341.o
                0x080027b0                TM_ILI9341_Puts
 .text.TM_ILI9341_Putc
                0x0800285c      0x118 ..\obj\tm_stm32f4_ili9341.o
                0x0800285c                TM_ILI9341_Putc
 *(.init)
 *(.fini)
 *crtbegin.o(.ctors)
 *crtbegin?.o(.ctors)
 *(EXCLUDE_FILE(*crtend.o *crtend?.o) .ctors)
 *(SORT(.ctors.*))
 *(.ctors)
 *crtbegin.o(.dtors)
 *crtbegin?.o(.dtors)
 *(EXCLUDE_FILE(*crtend.o *crtend?.o) .dtors)
 *(SORT(.dtors.*))
 *(.dtors)
 *(.rodata*)
 .rodata        0x08002974       0x6c ..\obj\main.o
 .rodata        0x080029e0     0x2814 ..\obj\tm_stm32f4_fonts.o
                0x080029e0                TM_Font7x10
                0x0800314c                TM_Font11x18
                0x08003ea8                TM_Font16x26
 *(.eh_fram e*)

.glue_7         0x080051f4        0x0
 .glue_7        0x00000000        0x0 linker stubs

.glue_7t        0x080051f4        0x0
 .glue_7t       0x00000000        0x0 linker stubs

.vfp11_veneer   0x080051f4        0x0
 .vfp11_veneer  0x00000000        0x0 linker stubs

.v4_bx          0x080051f4        0x0
 .v4_bx         0x00000000        0x0 linker stubs

.iplt           0x080051f4        0x0
 .iplt          0x00000000        0x0 ..\obj\stm32f4xx_syscfg.o

.rel.dyn        0x080051f4        0x0
 .rel.iplt      0x00000000        0x0 ..\obj\stm32f4xx_syscfg.o

.ARM.extab
 *(.ARM.extab* .gnu.linkonce.armextab.*)
                0x080051f4                __exidx_start = .

.ARM.exidx
 *(.ARM.exidx* .gnu.linkonce.armexidx.*)
                0x080051f4                __exidx_end = .
                0x080051f4                __etext = .
                0x080051f4                _sidata = __etext

.data           0x20000000       0x48 load address 0x080051f4
                0x20000000                __data_start__ = .
                0x20000000                _sdata = __data_start__
 *(vtable)
 *(.data*)
 .data          0x20000000       0x10 ..\obj\stm32f4xx_rcc.o
 .data          0x20000010        0xc ..\obj\tm_stm32f4_i2c.o
                0x20000010                TM_I2C_INT_Clocks
 .data          0x2000001c       0x14 ..\obj\system_stm32f4xx.o
                0x2000001c                SystemCoreClock
                0x20000020                AHBPrescTable
 .data          0x20000030       0x18 ..\obj\tm_stm32f4_fonts.o
                0x20000030                TM_Font_7x10
                0x20000038                TM_Font_11x18
                0x20000040                TM_Font_16x26
                0x20000048                . = ALIGN (0x4)
                0x20000048                PROVIDE (__preinit_array_start, .)
 *(.preinit_array)
                0x20000048                PROVIDE (__preinit_array_end, .)
                0x20000048                . = ALIGN (0x4)
                0x20000048                PROVIDE (__init_array_start, .)
 *(SORT(.init_array.*))
 *(.init_array)
                0x20000048                PROVIDE (__init_array_end, .)
                0x20000048                . = ALIGN (0x4)
                0x20000048                PROVIDE (__fini_array_start, .)
 *(SORT(.fini_array.*))
 *(.fini_array)
                0x20000048                PROVIDE (__fini_array_end, .)
 *(.jcr*)
                0x20000048                . = ALIGN (0x4)
                0x20000048                __data_end__ = .
                0x20000048                _edata = __data_end__

.igot.plt       0x20000048        0x0 load address 0x0800523c
 .igot.plt      0x00000000        0x0 ..\obj\stm32f4xx_syscfg.o

.bss            0x20000048       0x24 load address 0x0800523c
                0x20000048                . = ALIGN (0x4)
                0x20000048                __bss_start__ = .
                0x20000048                _sbss = __bss_start__
 *(.bss*)
 .bss           0x20000048       0x10 ..\obj\tm_stm32f4_delay.o
                0x20000048                TM_TimingDelay
                0x2000004c                TM_Time
                0x20000050                TM_Time2
                0x20000054                TM_DELAY_Initialized
 *(COMMON)
 COMMON         0x20000058        0x4 ..\obj\tm_stm32f4_delay.o
                0x20000058                mult
 COMMON         0x2000005c        0x4 ..\obj\tm_stm32f4_i2c.o
                0x2000005c                TM_I2C_Timeout
 COMMON         0x20000060        0xc ..\obj\tm_stm32f4_ili9341.o
                0x20000060                ILI9341_x
                0x20000064                ILI9341_Opts
                0x2000006a                ILI9341_y
                0x2000006c                . = ALIGN (0x4)
                0x2000006c                __bss_end__ = .
                0x2000006c                _ebss = __bss_end__

.heap           0x2000006c        0x0
                0x2000006c                __end__ = .
                0x2000006c                _end = __end__
                0x2000006c                end = __end__
 *(.heap*)
                0x2000006c                __HeapLimit = .

.co_stack       0x2000006c      0x804 load address 0x08005260
                0x20000070                . = ALIGN (0x8)
 *fill*         0x2000006c        0x4 
 *(.co_stack .co_stack.*)
 .co_stack      0x20000070      0x800 ..\obj\startup_stm32f4xx.o
                0x20000070                pulStack
                0x20020000                __StackTop = (ORIGIN (ram) + 0x20000)
                0x2001f7fc                __StackLimit = (__StackTop - SIZEOF (.co_stack))
                0x20020000                PROVIDE (__stack, __StackTop)
                0x00000001                ASSERT ((__StackLimit >= __HeapLimit), region ram  overflowed with stack)
LOAD ..\obj\stm32f4xx_syscfg.o
LOAD ..\obj\stm32f4xx_sdio.o
LOAD ..\obj\stm32f4xx_cryp_aes.o
LOAD ..\obj\stm32f4xx_dma2d.o
LOAD ..\obj\stm32f4xx_hash.o
LOAD ..\obj\stm32f4xx_hash_sha1.o
LOAD ..\obj\stm32f4xx_usart.o
LOAD ..\obj\stm32f4xx_pwr.o
LOAD ..\obj\stm32f4xx_can.o
LOAD ..\obj\stm32f4xx_wwdg.o
LOAD ..\obj\stm32f4xx_hash_md5.o
LOAD ..\obj\stm32f4xx_dac.o
LOAD ..\obj\stm32f4xx_ltdc.o
LOAD ..\obj\startup_stm32f4xx.o
LOAD ..\obj\stm32f4xx_crc.o
LOAD ..\obj\stm32f4xx_iwdg.o
LOAD ..\obj\main.o
LOAD ..\obj\stm32f4xx_rcc.o
LOAD ..\obj\tm_stm32f4_stmpe811.o
LOAD ..\obj\stm32f4xx_adc.o
LOAD ..\obj\stm32f4xx_dcmi.o
LOAD ..\obj\tm_stm32f4_delay.o
LOAD ..\obj\stm32f4xx_cryp_des.o
LOAD ..\obj\tm_stm32f4_spi.o
LOAD ..\obj\stm32f4xx_cryp.o
LOAD ..\obj\tm_stm32f4_i2c.o
LOAD ..\obj\stm32f4xx_gpio.o
LOAD ..\obj\stm32f4xx_flash.o
LOAD ..\obj\stm32f4xx_sai.o
LOAD ..\obj\system_stm32f4xx.o
LOAD ..\obj\stm32f4xx_dma.o
LOAD ..\obj\stm32f4xx_fmc.o
LOAD ..\obj\stm32f4xx_spi.o
LOAD ..\obj\stm32f4xx_i2c.o
LOAD ..\obj\tm_stm32f4_ili9341.o
LOAD ..\obj\stm32f4xx_rng.o
LOAD ..\obj\stm32f4xx_exti.o
LOAD ..\obj\misc.o
LOAD ..\obj\stm32f4xx_rtc.o
LOAD ..\obj\tm_stm32f4_timer_properties.o
LOAD ..\obj\stm32f4xx_cryp_tdes.o
LOAD ..\obj\tm_stm32f4_fonts.o
LOAD ..\obj\stm32f4xx_tim.o
LOAD ..\obj\stm32f4xx_dbgmcu.o
START GROUP
LOAD c:/program files (x86)/gnu tools arm embedded/4.9 2014q4/bin/../lib/gcc/arm-none-eabi/4.9.3/armv7e-m\libgcc.a
LOAD c:/program files (x86)/gnu tools arm embedded/4.9 2014q4/bin/../lib/gcc/arm-none-eabi/4.9.3/../../../../arm-none-eabi/lib/armv7e-m\libg.a
LOAD c:/program files (x86)/gnu tools arm embedded/4.9 2014q4/bin/../lib/gcc/arm-none-eabi/4.9.3/../../../../arm-none-eabi/lib/armv7e-m\libc.a
END GROUP
OUTPUT(stm32f429_project.elf elf32-littlearm)

.debug_info     0x00000000     0x5c61
 .debug_info    0x00000000       0xed ..\obj\startup_stm32f4xx.o
 .debug_info    0x000000ed      0x243 ..\obj\main.o
 .debug_info    0x00000330      0xe11 ..\obj\stm32f4xx_rcc.o
 .debug_info    0x00001141      0x45f ..\obj\tm_stm32f4_stmpe811.o
 .debug_info    0x000015a0      0x760 ..\obj\tm_stm32f4_delay.o
 .debug_info    0x00001d00      0x894 ..\obj\tm_stm32f4_spi.o
 .debug_info    0x00002594      0x841 ..\obj\tm_stm32f4_i2c.o
 .debug_info    0x00002dd5      0x605 ..\obj\stm32f4xx_gpio.o
 .debug_info    0x000033da      0x5bc ..\obj\system_stm32f4xx.o
 .debug_info    0x00003996      0xb21 ..\obj\stm32f4xx_spi.o
 .debug_info    0x000044b7      0xb87 ..\obj\stm32f4xx_i2c.o
 .debug_info    0x0000503e      0xa7b ..\obj\tm_stm32f4_ili9341.o
 .debug_info    0x00005ab9      0x1a8 ..\obj\tm_stm32f4_fonts.o

.debug_abbrev   0x00000000     0x1191
 .debug_abbrev  0x00000000       0xb0 ..\obj\startup_stm32f4xx.o
 .debug_abbrev  0x000000b0       0xdc ..\obj\main.o
 .debug_abbrev  0x0000018c      0x1ba ..\obj\stm32f4xx_rcc.o
 .debug_abbrev  0x00000346      0x162 ..\obj\tm_stm32f4_stmpe811.o
 .debug_abbrev  0x000004a8      0x17d ..\obj\tm_stm32f4_delay.o
 .debug_abbrev  0x00000625      0x17a ..\obj\tm_stm32f4_spi.o
 .debug_abbrev  0x0000079f      0x1b6 ..\obj\tm_stm32f4_i2c.o
 .debug_abbrev  0x00000955      0x1a3 ..\obj\stm32f4xx_gpio.o
 .debug_abbrev  0x00000af8      0x136 ..\obj\system_stm32f4xx.o
 .debug_abbrev  0x00000c2e      0x167 ..\obj\stm32f4xx_spi.o
 .debug_abbrev  0x00000d95      0x164 ..\obj\stm32f4xx_i2c.o
 .debug_abbrev  0x00000ef9      0x1ef ..\obj\tm_stm32f4_ili9341.o
 .debug_abbrev  0x000010e8       0xa9 ..\obj\tm_stm32f4_fonts.o

.debug_aranges  0x00000000      0x728
 .debug_aranges
                0x00000000       0x28 ..\obj\startup_stm32f4xx.o
 .debug_aranges
                0x00000028       0x20 ..\obj\main.o
 .debug_aranges
                0x00000048      0x1b8 ..\obj\stm32f4xx_rcc.o
 .debug_aranges
                0x00000200       0x48 ..\obj\tm_stm32f4_stmpe811.o
 .debug_aranges
                0x00000248       0x48 ..\obj\tm_stm32f4_delay.o
 .debug_aranges
                0x00000290       0x90 ..\obj\tm_stm32f4_spi.o
 .debug_aranges
                0x00000320       0x88 ..\obj\tm_stm32f4_i2c.o
 .debug_aranges
                0x000003a8       0x88 ..\obj\stm32f4xx_gpio.o
 .debug_aranges
                0x00000430       0x30 ..\obj\system_stm32f4xx.o
 .debug_aranges
                0x00000460       0xe0 ..\obj\stm32f4xx_spi.o
 .debug_aranges
                0x00000540      0x130 ..\obj\stm32f4xx_i2c.o
 .debug_aranges
                0x00000670       0xa0 ..\obj\tm_stm32f4_ili9341.o
 .debug_aranges
                0x00000710       0x18 ..\obj\tm_stm32f4_fonts.o

.debug_ranges   0x00000000      0x650
 .debug_ranges  0x00000000       0x18 ..\obj\startup_stm32f4xx.o
 .debug_ranges  0x00000018       0x10 ..\obj\main.o
 .debug_ranges  0x00000028      0x1a8 ..\obj\stm32f4xx_rcc.o
 .debug_ranges  0x000001d0       0x38 ..\obj\tm_stm32f4_stmpe811.o
 .debug_ranges  0x00000208       0x38 ..\obj\tm_stm32f4_delay.o
 .debug_ranges  0x00000240       0x80 ..\obj\tm_stm32f4_spi.o
 .debug_ranges  0x000002c0       0x78 ..\obj\tm_stm32f4_i2c.o
 .debug_ranges  0x00000338       0x78 ..\obj\stm32f4xx_gpio.o
 .debug_ranges  0x000003b0       0x20 ..\obj\system_stm32f4xx.o
 .debug_ranges  0x000003d0       0xd0 ..\obj\stm32f4xx_spi.o
 .debug_ranges  0x000004a0      0x120 ..\obj\stm32f4xx_i2c.o
 .debug_ranges  0x000005c0       0x90 ..\obj\tm_stm32f4_ili9341.o

.debug_line     0x00000000     0x2c63
 .debug_line    0x00000000       0x97 ..\obj\startup_stm32f4xx.o
 .debug_line    0x00000097      0x287 ..\obj\main.o
 .debug_line    0x0000031e      0x62f ..\obj\stm32f4xx_rcc.o
 .debug_line    0x0000094d      0x37c ..\obj\tm_stm32f4_stmpe811.o
 .debug_line    0x00000cc9      0x23c ..\obj\tm_stm32f4_delay.o
 .debug_line    0x00000f05      0x464 ..\obj\tm_stm32f4_spi.o
 .debug_line    0x00001369      0x3e2 ..\obj\tm_stm32f4_i2c.o
 .debug_line    0x0000174b      0x330 ..\obj\stm32f4xx_gpio.o
 .debug_line    0x00001a7b      0x1ff ..\obj\system_stm32f4xx.o
 .debug_line    0x00001c7a      0x442 ..\obj\stm32f4xx_spi.o
 .debug_line    0x000020bc      0x4ec ..\obj\stm32f4xx_i2c.o
 .debug_line    0x000025a8      0x54b ..\obj\tm_stm32f4_ili9341.o
 .debug_line    0x00002af3      0x170 ..\obj\tm_stm32f4_fonts.o

.debug_str      0x00000000     0x262e
 .debug_str     0x00000000      0x12b ..\obj\startup_stm32f4xx.o
                                0x13d (size before relaxing)
 .debug_str     0x0000012b      0x321 ..\obj\main.o
                                0x406 (size before relaxing)
 .debug_str     0x0000044c      0x7f7 ..\obj\stm32f4xx_rcc.o
                                0x993 (size before relaxing)
 .debug_str     0x00000c43      0x14c ..\obj\tm_stm32f4_stmpe811.o
                                0x466 (size before relaxing)
 .debug_str     0x00000d8f      0x6f7 ..\obj\tm_stm32f4_delay.o
                                0x899 (size before relaxing)
 .debug_str     0x00001486      0x411 ..\obj\tm_stm32f4_spi.o
                                0x5e9 (size before relaxing)
 .debug_str     0x00001897      0x208 ..\obj\tm_stm32f4_i2c.o
                                0x5dc (size before relaxing)
 .debug_str     0x00001a9f      0x189 ..\obj\stm32f4xx_gpio.o
                                0x496 (size before relaxing)
 .debug_str     0x00001c28       0xb1 ..\obj\system_stm32f4xx.o
                                0x3ba (size before relaxing)
 .debug_str     0x00001cd9      0x2e3 ..\obj\stm32f4xx_spi.o
                                0x693 (size before relaxing)
 .debug_str     0x00001fbc      0x35e ..\obj\stm32f4xx_i2c.o
                                0x6a8 (size before relaxing)
 .debug_str     0x0000231a      0x29e ..\obj\tm_stm32f4_ili9341.o
                                0x730 (size before relaxing)
 .debug_str     0x000025b8       0x76 ..\obj\tm_stm32f4_fonts.o
                                0x206 (size before relaxing)

.comment        0x00000000       0x70
 .comment       0x00000000       0x70 ..\obj\startup_stm32f4xx.o
                                 0x71 (size before relaxing)
 .comment       0x00000000       0x71 ..\obj\main.o
 .comment       0x00000000       0x71 ..\obj\stm32f4xx_rcc.o
 .comment       0x00000000       0x71 ..\obj\tm_stm32f4_stmpe811.o
 .comment       0x00000000       0x71 ..\obj\tm_stm32f4_delay.o
 .comment       0x00000000       0x71 ..\obj\tm_stm32f4_spi.o
 .comment       0x00000000       0x71 ..\obj\tm_stm32f4_i2c.o
 .comment       0x00000000       0x71 ..\obj\stm32f4xx_gpio.o
 .comment       0x00000000       0x71 ..\obj\system_stm32f4xx.o
 .comment       0x00000000       0x71 ..\obj\stm32f4xx_spi.o
 .comment       0x00000000       0x71 ..\obj\stm32f4xx_i2c.o
 .comment       0x00000000       0x71 ..\obj\tm_stm32f4_ili9341.o
 .comment       0x00000000       0x71 ..\obj\tm_stm32f4_fonts.o

.ARM.attributes
                0x00000000       0x33
 .ARM.attributes
                0x00000000       0x33 ..\obj\startup_stm32f4xx.o
 .ARM.attributes
                0x00000033       0x33 ..\obj\main.o
 .ARM.attributes
                0x00000066       0x33 ..\obj\stm32f4xx_rcc.o
 .ARM.attributes
                0x00000099       0x33 ..\obj\tm_stm32f4_stmpe811.o
 .ARM.attributes
                0x000000cc       0x33 ..\obj\tm_stm32f4_delay.o
 .ARM.attributes
                0x000000ff       0x33 ..\obj\tm_stm32f4_spi.o
 .ARM.attributes
                0x00000132       0x33 ..\obj\tm_stm32f4_i2c.o
 .ARM.attributes
                0x00000165       0x33 ..\obj\stm32f4xx_gpio.o
 .ARM.attributes
                0x00000198       0x33 ..\obj\system_stm32f4xx.o
 .ARM.attributes
                0x000001cb       0x33 ..\obj\stm32f4xx_spi.o
 .ARM.attributes
                0x000001fe       0x33 ..\obj\stm32f4xx_i2c.o
 .ARM.attributes
                0x00000231       0x33 ..\obj\tm_stm32f4_ili9341.o
 .ARM.attributes
                0x00000264       0x33 ..\obj\tm_stm32f4_fonts.o

.debug_frame    0x00000000     0x1d60
 .debug_frame   0x00000000       0x4c ..\obj\startup_stm32f4xx.o
 .debug_frame   0x0000004c       0x30 ..\obj\main.o
 .debug_frame   0x0000007c      0x814 ..\obj\stm32f4xx_rcc.o
 .debug_frame   0x00000890       0xf0 ..\obj\tm_stm32f4_stmpe811.o
 .debug_frame   0x00000980       0xd8 ..\obj\tm_stm32f4_delay.o
 .debug_frame   0x00000a58      0x23c ..\obj\tm_stm32f4_spi.o
 .debug_frame   0x00000c94      0x20c ..\obj\tm_stm32f4_i2c.o
 .debug_frame   0x00000ea0      0x23c ..\obj\stm32f4xx_gpio.o
 .debug_frame   0x000010dc       0x7c ..\obj\system_stm32f4xx.o
 .debug_frame   0x00001158      0x3f4 ..\obj\stm32f4xx_spi.o
 .debug_frame   0x0000154c      0x580 ..\obj\stm32f4xx_i2c.o
 .debug_frame   0x00001acc      0x294 ..\obj\tm_stm32f4_ili9341.o
